[     178ms] [VERBOSE] [DOM] Input elements should have autocomplete attributes (suggested: "current-password"): (More info: https://goo.gl/9p2vKq) %o @ http://localhost:3000/register/seller:0
[     233ms] [INFO] %cDownload the React DevTools for a better development experience: https://react.dev/link/react-devtools font-weight:bold @ http://localhost:3000/_next/static/chunks/node_modules_next_dist_f3530cac._.js:2297
[     287ms] [LOG] [HMR] connected @ http://localhost:3000/_next/static/chunks/node_modules_next_dist_f3530cac._.js:2297
[   72178ms] [LOG] [Fast Refresh] rebuilding @ http://localhost:3000/_next/static/chunks/node_modules_next_dist_f3530cac._.js:2297
[   72645ms] [LOG] [Fast Refresh] done in 559ms @ http://localhost:3000/_next/static/chunks/node_modules_next_dist_f3530cac._.js:2297
[   79392ms] [LOG] [Fast Refresh] rebuilding @ http://localhost:3000/_next/static/chunks/node_modules_next_dist_f3530cac._.js:2297
[   79442ms] [LOG] [Fast Refresh] done in 151ms @ http://localhost:3000/_next/static/chunks/node_modules_next_dist_f3530cac._.js:2297
[   82375ms] [LOG] [Fast Refresh] rebuilding @ http://localhost:3000/_next/static/chunks/node_modules_next_dist_f3530cac._.js:2297
[   82379ms] [LOG] [Fast Refresh] done in 105ms @ http://localhost:3000/_next/static/chunks/node_modules_next_dist_f3530cac._.js:2297
[   88009ms] [LOG] [Fast Refresh] rebuilding @ http://localhost:3000/_next/static/chunks/node_modules_next_dist_f3530cac._.js:2297
[   88117ms] [LOG] [Fast Refresh] done in 208ms @ http://localhost:3000/_next/static/chunks/node_modules_next_dist_f3530cac._.js:2297
[  104658ms] [LOG] [Fast Refresh] rebuilding @ http://localhost:3000/_next/static/chunks/node_modules_next_dist_f3530cac._.js:2297
[  104665ms] [LOG] [Fast Refresh] done in 108ms @ http://localhost:3000/_next/static/chunks/node_modules_next_dist_f3530cac._.js:2297
[  108420ms] [LOG] [Fast Refresh] rebuilding @ http://localhost:3000/_next/static/chunks/node_modules_next_dist_f3530cac._.js:2297
[  108528ms] [LOG] [Fast Refresh] done in 208ms @ http://localhost:3000/_next/static/chunks/node_modules_next_dist_f3530cac._.js:2297
[  110837ms] [LOG] [Fast Refresh] rebuilding @ http://localhost:3000/_next/static/chunks/node_modules_next_dist_f3530cac._.js:2297
[  110946ms] [LOG] [Fast Refresh] done in 209ms @ http://localhost:3000/_next/static/chunks/node_modules_next_dist_f3530cac._.js:2297
[  159128ms] [LOG] [Fast Refresh] rebuilding @ http://localhost:3000/_next/static/chunks/node_modules_next_dist_f3530cac._.js:2297
[  159240ms] [LOG] [Fast Refresh] done in 213ms @ http://localhost:3000/_next/static/chunks/node_modules_next_dist_f3530cac._.js:2297
[  161585ms] [LOG] [Fast Refresh] rebuilding @ http://localhost:3000/_next/static/chunks/node_modules_next_dist_f3530cac._.js:2297
[  161696ms] [LOG] [Fast Refresh] done in 210ms @ http://localhost:3000/_next/static/chunks/node_modules_next_dist_f3530cac._.js:2297
[  177371ms] [LOG] [Fast Refresh] rebuilding @ http://localhost:3000/_next/static/chunks/node_modules_next_dist_f3530cac._.js:2297
[  177434ms] [LOG] [Fast Refresh] done in 164ms @ http://localhost:3000/_next/static/chunks/node_modules_next_dist_f3530cac._.js:2297
[  178571ms] [LOG] [Fast Refresh] rebuilding @ http://localhost:3000/_next/static/chunks/node_modules_next_dist_f3530cac._.js:2297
[  178587ms] [LOG] [Fast Refresh] done in 117ms @ http://localhost:3000/_next/static/chunks/node_modules_next_dist_f3530cac._.js:2297
[  182387ms] [LOG] [Fast Refresh] rebuilding @ http://localhost:3000/_next/static/chunks/node_modules_next_dist_f3530cac._.js:2297
[  182498ms] [LOG] [Fast Refresh] done in 212ms @ http://localhost:3000/_next/static/chunks/node_modules_next_dist_f3530cac._.js:2297
[  184837ms] [LOG] [Fast Refresh] rebuilding @ http://localhost:3000/_next/static/chunks/node_modules_next_dist_f3530cac._.js:2297
[  184951ms] [LOG] [Fast Refresh] done in 214ms @ http://localhost:3000/_next/static/chunks/node_modules_next_dist_f3530cac._.js:2297
[  208336ms] [LOG] [Fast Refresh] rebuilding @ http://localhost:3000/_next/static/chunks/node_modules_next_dist_f3530cac._.js:2297
[  208343ms] [LOG] [Fast Refresh] done in 108ms @ http://localhost:3000/_next/static/chunks/node_modules_next_dist_f3530cac._.js:2297
[  210893ms] [LOG] [Fast Refresh] rebuilding @ http://localhost:3000/_next/static/chunks/node_modules_next_dist_f3530cac._.js:2297
[  210911ms] [LOG] [Fast Refresh] done in 118ms @ http://localhost:3000/_next/static/chunks/node_modules_next_dist_f3530cac._.js:2297
[  214619ms] [LOG] [Fast Refresh] rebuilding @ http://localhost:3000/_next/static/chunks/node_modules_next_dist_f3530cac._.js:2297
[  214729ms] [LOG] [Fast Refresh] done in 211ms @ http://localhost:3000/_next/static/chunks/node_modules_next_dist_f3530cac._.js:2297
[  216976ms] [LOG] [Fast Refresh] rebuilding @ http://localhost:3000/_next/static/chunks/node_modules_next_dist_f3530cac._.js:2297
[  217086ms] [LOG] [Fast Refresh] done in 210ms @ http://localhost:3000/_next/static/chunks/node_modules_next_dist_f3530cac._.js:2297
[  233678ms] [LOG] [Fast Refresh] rebuilding @ http://localhost:3000/_next/static/chunks/node_modules_next_dist_f3530cac._.js:2297
[  233683ms] [LOG] [Fast Refresh] done in 106ms @ http://localhost:3000/_next/static/chunks/node_modules_next_dist_f3530cac._.js:2297
[  237471ms] [LOG] [Fast Refresh] rebuilding @ http://localhost:3000/_next/static/chunks/node_modules_next_dist_f3530cac._.js:2297
[  237586ms] [LOG] [Fast Refresh] done in 215ms @ http://localhost:3000/_next/static/chunks/node_modules_next_dist_f3530cac._.js:2297
[  239972ms] [LOG] [Fast Refresh] rebuilding @ http://localhost:3000/_next/static/chunks/node_modules_next_dist_f3530cac._.js:2297
[  240083ms] [LOG] [Fast Refresh] done in 212ms @ http://localhost:3000/_next/static/chunks/node_modules_next_dist_f3530cac._.js:2297
[  321935ms] [LOG] [Fast Refresh] rebuilding @ http://localhost:3000/_next/static/chunks/node_modules_next_dist_f3530cac._.js:2297
[  321941ms] [LOG] [Fast Refresh] done in 105ms @ http://localhost:3000/_next/static/chunks/node_modules_next_dist_f3530cac._.js:2297
[  328603ms] [LOG] [Fast Refresh] rebuilding @ http://localhost:3000/_next/static/chunks/node_modules_next_dist_f3530cac._.js:2297
[  328718ms] [LOG] [Fast Refresh] done in 216ms @ http://localhost:3000/_next/static/chunks/node_modules_next_dist_f3530cac._.js:2297
[  333152ms] [LOG] [Fast Refresh] rebuilding @ http://localhost:3000/_next/static/chunks/node_modules_next_dist_f3530cac._.js:2297
[  333279ms] [LOG] [Fast Refresh] done in 227ms @ http://localhost:3000/_next/static/chunks/node_modules_next_dist_f3530cac._.js:2297
[  333574ms] [LOG] [Fast Refresh] rebuilding @ http://localhost:3000/_next/static/chunks/node_modules_next_dist_f3530cac._.js:2297
[  333798ms] [LOG] [Fast Refresh] done in 325ms @ http://localhost:3000/_next/static/chunks/node_modules_next_dist_f3530cac._.js:2297
[  336088ms] [LOG] [Fast Refresh] rebuilding @ http://localhost:3000/_next/static/chunks/node_modules_next_dist_f3530cac._.js:2297
[  336093ms] [LOG] [Fast Refresh] done in 107ms @ http://localhost:3000/_next/static/chunks/node_modules_next_dist_f3530cac._.js:2297
[  339877ms] [LOG] [Fast Refresh] rebuilding @ http://localhost:3000/_next/static/chunks/node_modules_next_dist_f3530cac._.js:2297
[  339998ms] [LOG] [Fast Refresh] done in 221ms @ http://localhost:3000/_next/static/chunks/node_modules_next_dist_f3530cac._.js:2297
[  340352ms] [LOG] [Fast Refresh] rebuilding @ http://localhost:3000/_next/static/chunks/node_modules_next_dist_f3530cac._.js:2297
[  340361ms] [LOG] [Fast Refresh] done in 111ms @ http://localhost:3000/_next/static/chunks/node_modules_next_dist_f3530cac._.js:2297
[  343900ms] [LOG] [Fast Refresh] rebuilding @ http://localhost:3000/_next/static/chunks/node_modules_next_dist_f3530cac._.js:2297
[  344010ms] [LOG] [Fast Refresh] done in 211ms @ http://localhost:3000/_next/static/chunks/node_modules_next_dist_f3530cac._.js:2297
[  344240ms] [LOG] [Fast Refresh] rebuilding @ http://localhost:3000/_next/static/chunks/node_modules_next_dist_f3530cac._.js:2297
[  344263ms] [LOG] [Fast Refresh] done in 124ms @ http://localhost:3000/_next/static/chunks/node_modules_next_dist_f3530cac._.js:2297
[  345794ms] [LOG] [Fast Refresh] rebuilding @ http://localhost:3000/_next/static/chunks/node_modules_next_dist_f3530cac._.js:2297
[  345800ms] [LOG] [Fast Refresh] done in 106ms @ http://localhost:3000/_next/static/chunks/node_modules_next_dist_f3530cac._.js:2297
[  349520ms] [LOG] [Fast Refresh] rebuilding @ http://localhost:3000/_next/static/chunks/node_modules_next_dist_f3530cac._.js:2297
[  349644ms] [LOG] [Fast Refresh] done in 224ms @ http://localhost:3000/_next/static/chunks/node_modules_next_dist_f3530cac._.js:2297
[  353520ms] [LOG] [Fast Refresh] rebuilding @ http://localhost:3000/_next/static/chunks/node_modules_next_dist_f3530cac._.js:2297
[  353635ms] [LOG] [Fast Refresh] done in 215ms @ http://localhost:3000/_next/static/chunks/node_modules_next_dist_f3530cac._.js:2297
[  354724ms] [LOG] [Fast Refresh] rebuilding @ http://localhost:3000/_next/static/chunks/node_modules_next_dist_f3530cac._.js:2297
[  354729ms] [LOG] [Fast Refresh] done in 105ms @ http://localhost:3000/_next/static/chunks/node_modules_next_dist_f3530cac._.js:2297
[  358435ms] [LOG] [Fast Refresh] rebuilding @ http://localhost:3000/_next/static/chunks/node_modules_next_dist_f3530cac._.js:2297
[  358542ms] [LOG] [Fast Refresh] done in 207ms @ http://localhost:3000/_next/static/chunks/node_modules_next_dist_f3530cac._.js:2297
[  365845ms] [LOG] [Fast Refresh] rebuilding @ http://localhost:3000/_next/static/chunks/node_modules_next_dist_f3530cac._.js:2297
[  365853ms] [LOG] [Fast Refresh] done in 109ms @ http://localhost:3000/_next/static/chunks/node_modules_next_dist_f3530cac._.js:2297
[  377736ms] [LOG] [Fast Refresh] rebuilding @ http://localhost:3000/_next/static/chunks/node_modules_next_dist_f3530cac._.js:2297
[  377794ms] [LOG] [Fast Refresh] done in 160ms @ http://localhost:3000/_next/static/chunks/node_modules_next_dist_f3530cac._.js:2297
[  378404ms] [LOG] [Fast Refresh] rebuilding @ http://localhost:3000/_next/static/chunks/node_modules_next_dist_f3530cac._.js:2297
[  378421ms] [LOG] [Fast Refresh] done in 118ms @ http://localhost:3000/_next/static/chunks/node_modules_next_dist_f3530cac._.js:2297
[  382184ms] [LOG] [Fast Refresh] rebuilding @ http://localhost:3000/_next/static/chunks/node_modules_next_dist_f3530cac._.js:2297
[  382292ms] [LOG] [Fast Refresh] done in 208ms @ http://localhost:3000/_next/static/chunks/node_modules_next_dist_f3530cac._.js:2297
[  386377ms] [LOG] [Fast Refresh] rebuilding @ http://localhost:3000/_next/static/chunks/node_modules_next_dist_f3530cac._.js:2297
[  386491ms] [LOG] [Fast Refresh] done in 214ms @ http://localhost:3000/_next/static/chunks/node_modules_next_dist_f3530cac._.js:2297
[  389057ms] [LOG] [Fast Refresh] rebuilding @ http://localhost:3000/_next/static/chunks/node_modules_next_dist_f3530cac._.js:2297
[  389062ms] [LOG] [Fast Refresh] done in 106ms @ http://localhost:3000/_next/static/chunks/node_modules_next_dist_f3530cac._.js:2297
[  392835ms] [LOG] [Fast Refresh] rebuilding @ http://localhost:3000/_next/static/chunks/node_modules_next_dist_f3530cac._.js:2297
[  392944ms] [LOG] [Fast Refresh] done in 209ms @ http://localhost:3000/_next/static/chunks/node_modules_next_dist_f3530cac._.js:2297
[  397004ms] [LOG] [Fast Refresh] rebuilding @ http://localhost:3000/_next/static/chunks/node_modules_next_dist_f3530cac._.js:2297
[  397112ms] [LOG] [Fast Refresh] done in 209ms @ http://localhost:3000/_next/static/chunks/node_modules_next_dist_f3530cac._.js:2297
[  399392ms] [LOG] [Fast Refresh] rebuilding @ http://localhost:3000/_next/static/chunks/node_modules_next_dist_f3530cac._.js:2297
[  399396ms] [LOG] [Fast Refresh] done in 106ms @ http://localhost:3000/_next/static/chunks/node_modules_next_dist_f3530cac._.js:2297
[  403183ms] [LOG] [Fast Refresh] rebuilding @ http://localhost:3000/_next/static/chunks/node_modules_next_dist_f3530cac._.js:2297
[  403294ms] [LOG] [Fast Refresh] done in 213ms @ http://localhost:3000/_next/static/chunks/node_modules_next_dist_f3530cac._.js:2297
[  407335ms] [LOG] [Fast Refresh] rebuilding @ http://localhost:3000/_next/static/chunks/node_modules_next_dist_f3530cac._.js:2297
[  407444ms] [LOG] [Fast Refresh] done in 209ms @ http://localhost:3000/_next/static/chunks/node_modules_next_dist_f3530cac._.js:2297
[  408839ms] [LOG] [Fast Refresh] rebuilding @ http://localhost:3000/_next/static/chunks/node_modules_next_dist_f3530cac._.js:2297
[  408843ms] [LOG] [Fast Refresh] done in 105ms @ http://localhost:3000/_next/static/chunks/node_modules_next_dist_f3530cac._.js:2297
[  412668ms] [LOG] [Fast Refresh] rebuilding @ http://localhost:3000/_next/static/chunks/node_modules_next_dist_f3530cac._.js:2297
[  412777ms] [LOG] [Fast Refresh] done in 209ms @ http://localhost:3000/_next/static/chunks/node_modules_next_dist_f3530cac._.js:2297
[  413011ms] [LOG] [Fast Refresh] rebuilding @ http://localhost:3000/_next/static/chunks/node_modules_next_dist_f3530cac._.js:2297
[  413022ms] [LOG] [Fast Refresh] done in 112ms @ http://localhost:3000/_next/static/chunks/node_modules_next_dist_f3530cac._.js:2297
[  416717ms] [LOG] [Fast Refresh] rebuilding @ http://localhost:3000/_next/static/chunks/node_modules_next_dist_f3530cac._.js:2297
[  416829ms] [LOG] [Fast Refresh] done in 211ms @ http://localhost:3000/_next/static/chunks/node_modules_next_dist_f3530cac._.js:2297
[  420295ms] [LOG] [Fast Refresh] rebuilding @ http://localhost:3000/_next/static/chunks/node_modules_next_dist_f3530cac._.js:2297
[  420300ms] [LOG] [Fast Refresh] done in 106ms @ http://localhost:3000/_next/static/chunks/node_modules_next_dist_f3530cac._.js:2297
[  431586ms] [LOG] [Fast Refresh] rebuilding @ http://localhost:3000/_next/static/chunks/node_modules_next_dist_f3530cac._.js:2297
[  431713ms] [LOG] [Fast Refresh] done in 229ms @ http://localhost:3000/_next/static/chunks/node_modules_next_dist_f3530cac._.js:2297
[  473319ms] [LOG] [Fast Refresh] rebuilding @ http://localhost:3000/_next/static/chunks/node_modules_next_dist_f3530cac._.js:2297
[  473331ms] [LOG] [Fast Refresh] done in 114ms @ http://localhost:3000/_next/static/chunks/node_modules_next_dist_f3530cac._.js:2297
[  480235ms] [LOG] [Fast Refresh] rebuilding @ http://localhost:3000/_next/static/chunks/node_modules_next_dist_f3530cac._.js:2297
[  480347ms] [LOG] [Fast Refresh] done in 212ms @ http://localhost:3000/_next/static/chunks/node_modules_next_dist_f3530cac._.js:2297
[  485656ms] [LOG] [Fast Refresh] rebuilding @ http://localhost:3000/_next/static/chunks/node_modules_next_dist_f3530cac._.js:2297
[  485765ms] [LOG] [Fast Refresh] done in 211ms @ http://localhost:3000/_next/static/chunks/node_modules_next_dist_f3530cac._.js:2297
[  487541ms] [LOG] [Fast Refresh] rebuilding @ http://localhost:3000/_next/static/chunks/node_modules_next_dist_f3530cac._.js:2297
[  487548ms] [LOG] [Fast Refresh] done in 106ms @ http://localhost:3000/_next/static/chunks/node_modules_next_dist_f3530cac._.js:2297
[  491304ms] [LOG] [Fast Refresh] rebuilding @ http://localhost:3000/_next/static/chunks/node_modules_next_dist_f3530cac._.js:2297
[  491427ms] [LOG] [Fast Refresh] done in 224ms @ http://localhost:3000/_next/static/chunks/node_modules_next_dist_f3530cac._.js:2297
[  495436ms] [LOG] [Fast Refresh] rebuilding @ http://localhost:3000/_next/static/chunks/node_modules_next_dist_f3530cac._.js:2297
[  495554ms] [LOG] [Fast Refresh] done in 219ms @ http://localhost:3000/_next/static/chunks/node_modules_next_dist_f3530cac._.js:2297
[  497491ms] [LOG] [Fast Refresh] rebuilding @ http://localhost:3000/_next/static/chunks/node_modules_next_dist_f3530cac._.js:2297
[  497502ms] [LOG] [Fast Refresh] done in 112ms @ http://localhost:3000/_next/static/chunks/node_modules_next_dist_f3530cac._.js:2297
[  501324ms] [LOG] [Fast Refresh] rebuilding @ http://localhost:3000/_next/static/chunks/node_modules_next_dist_f3530cac._.js:2297
[  501434ms] [LOG] [Fast Refresh] done in 211ms @ http://localhost:3000/_next/static/chunks/node_modules_next_dist_f3530cac._.js:2297
[  505374ms] [LOG] [Fast Refresh] rebuilding @ http://localhost:3000/_next/static/chunks/node_modules_next_dist_f3530cac._.js:2297
[  505493ms] [LOG] [Fast Refresh] done in 219ms @ http://localhost:3000/_next/static/chunks/node_modules_next_dist_f3530cac._.js:2297
[  506730ms] [LOG] [Fast Refresh] rebuilding @ http://localhost:3000/_next/static/chunks/node_modules_next_dist_f3530cac._.js:2297
[  506735ms] [LOG] [Fast Refresh] done in 105ms @ http://localhost:3000/_next/static/chunks/node_modules_next_dist_f3530cac._.js:2297
[  514571ms] [LOG] [Fast Refresh] rebuilding @ http://localhost:3000/_next/static/chunks/node_modules_next_dist_f3530cac._.js:2297
[  514685ms] [LOG] [Fast Refresh] done in 215ms @ http://localhost:3000/_next/static/chunks/node_modules_next_dist_f3530cac._.js:2297
[  517824ms] [LOG] [Fast Refresh] rebuilding @ http://localhost:3000/_next/static/chunks/node_modules_next_dist_f3530cac._.js:2297
[  517832ms] [LOG] [Fast Refresh] done in 109ms @ http://localhost:3000/_next/static/chunks/node_modules_next_dist_f3530cac._.js:2297
[  530533ms] [LOG] [Fast Refresh] rebuilding @ http://localhost:3000/_next/static/chunks/node_modules_next_dist_f3530cac._.js:2297
[  530560ms] [LOG] [Fast Refresh] done in 128ms @ http://localhost:3000/_next/static/chunks/node_modules_next_dist_f3530cac._.js:2297
[  534368ms] [LOG] [Fast Refresh] rebuilding @ http://localhost:3000/_next/static/chunks/node_modules_next_dist_f3530cac._.js:2297
[  534489ms] [LOG] [Fast Refresh] done in 221ms @ http://localhost:3000/_next/static/chunks/node_modules_next_dist_f3530cac._.js:2297
[  538518ms] [LOG] [Fast Refresh] rebuilding @ http://localhost:3000/_next/static/chunks/node_modules_next_dist_f3530cac._.js:2297
[  538625ms] [LOG] [Fast Refresh] done in 207ms @ http://localhost:3000/_next/static/chunks/node_modules_next_dist_f3530cac._.js:2297
[  540976ms] [LOG] [Fast Refresh] rebuilding @ http://localhost:3000/_next/static/chunks/node_modules_next_dist_f3530cac._.js:2297
[  540985ms] [LOG] [Fast Refresh] done in 109ms @ http://localhost:3000/_next/static/chunks/node_modules_next_dist_f3530cac._.js:2297
[  544755ms] [LOG] [Fast Refresh] rebuilding @ http://localhost:3000/_next/static/chunks/node_modules_next_dist_f3530cac._.js:2297
[  544870ms] [LOG] [Fast Refresh] done in 216ms @ http://localhost:3000/_next/static/chunks/node_modules_next_dist_f3530cac._.js:2297
[  549138ms] [LOG] [Fast Refresh] rebuilding @ http://localhost:3000/_next/static/chunks/node_modules_next_dist_f3530cac._.js:2297
[  549254ms] [LOG] [Fast Refresh] done in 217ms @ http://localhost:3000/_next/static/chunks/node_modules_next_dist_f3530cac._.js:2297
[  551540ms] [LOG] [Fast Refresh] rebuilding @ http://localhost:3000/_next/static/chunks/node_modules_next_dist_f3530cac._.js:2297
[  551547ms] [LOG] [Fast Refresh] done in 107ms @ http://localhost:3000/_next/static/chunks/node_modules_next_dist_f3530cac._.js:2297
[  555301ms] [LOG] [Fast Refresh] rebuilding @ http://localhost:3000/_next/static/chunks/node_modules_next_dist_f3530cac._.js:2297
[  555411ms] [LOG] [Fast Refresh] done in 209ms @ http://localhost:3000/_next/static/chunks/node_modules_next_dist_f3530cac._.js:2297
[  559402ms] [LOG] [Fast Refresh] rebuilding @ http://localhost:3000/_next/static/chunks/node_modules_next_dist_f3530cac._.js:2297
[  559510ms] [LOG] [Fast Refresh] done in 208ms @ http://localhost:3000/_next/static/chunks/node_modules_next_dist_f3530cac._.js:2297
[  560888ms] [LOG] [Fast Refresh] rebuilding @ http://localhost:3000/_next/static/chunks/node_modules_next_dist_f3530cac._.js:2297
[  560893ms] [LOG] [Fast Refresh] done in 106ms @ http://localhost:3000/_next/static/chunks/node_modules_next_dist_f3530cac._.js:2297
[  564667ms] [LOG] [Fast Refresh] rebuilding @ http://localhost:3000/_next/static/chunks/node_modules_next_dist_f3530cac._.js:2297
[  564782ms] [LOG] [Fast Refresh] done in 216ms @ http://localhost:3000/_next/static/chunks/node_modules_next_dist_f3530cac._.js:2297
[  568794ms] [LOG] [Fast Refresh] rebuilding @ http://localhost:3000/_next/static/chunks/node_modules_next_dist_f3530cac._.js:2297
[  568901ms] [LOG] [Fast Refresh] done in 207ms @ http://localhost:3000/_next/static/chunks/node_modules_next_dist_f3530cac._.js:2297
[  572374ms] [LOG] [Fast Refresh] rebuilding @ http://localhost:3000/_next/static/chunks/node_modules_next_dist_f3530cac._.js:2297
[  572383ms] [LOG] [Fast Refresh] done in 109ms @ http://localhost:3000/_next/static/chunks/node_modules_next_dist_f3530cac._.js:2297
[  583645ms] [LOG] [Fast Refresh] rebuilding @ http://localhost:3000/_next/static/chunks/node_modules_next_dist_f3530cac._.js:2297
[  583875ms] [LOG] [Fast Refresh] done in 332ms @ http://localhost:3000/_next/static/chunks/node_modules_next_dist_f3530cac._.js:2297
[  638518ms] [LOG] [Fast Refresh] rebuilding @ http://localhost:3000/_next/static/chunks/node_modules_next_dist_f3530cac._.js:2297
[  638637ms] [LOG] [Fast Refresh] done in 221ms @ http://localhost:3000/_next/static/chunks/node_modules_next_dist_f3530cac._.js:2297
[  641021ms] [LOG] [Fast Refresh] rebuilding @ http://localhost:3000/_next/static/chunks/node_modules_next_dist_f3530cac._.js:2297
[  641098ms] [LOG] [Fast Refresh] done in 178ms @ http://localhost:3000/_next/static/chunks/node_modules_next_dist_f3530cac._.js:2297
[  644536ms] [LOG] [Fast Refresh] rebuilding @ http://localhost:3000/_next/static/chunks/node_modules_next_dist_f3530cac._.js:2297
[  644540ms] [LOG] [Fast Refresh] done in 105ms @ http://localhost:3000/_next/static/chunks/node_modules_next_dist_f3530cac._.js:2297
[  652432ms] [LOG] [Fast Refresh] rebuilding @ http://localhost:3000/_next/static/chunks/node_modules_next_dist_f3530cac._.js:2297
[  652448ms] [LOG] [Fast Refresh] done in 117ms @ http://localhost:3000/_next/static/chunks/node_modules_next_dist_f3530cac._.js:2297
[  654360ms] [LOG] [Fast Refresh] rebuilding @ http://localhost:3000/_next/static/chunks/node_modules_next_dist_f3530cac._.js:2297
[  654439ms] [LOG] [Fast Refresh] done in 181ms @ http://localhost:3000/_next/static/chunks/node_modules_next_dist_f3530cac._.js:2297
[  657152ms] [LOG] [Fast Refresh] rebuilding @ http://localhost:3000/_next/static/chunks/node_modules_next_dist_f3530cac._.js:2297
[  657165ms] [LOG] [Fast Refresh] done in 113ms @ http://localhost:3000/_next/static/chunks/node_modules_next_dist_f3530cac._.js:2297
[  663049ms] [LOG] [Fast Refresh] rebuilding @ http://localhost:3000/_next/static/chunks/node_modules_next_dist_f3530cac._.js:2297
[  663069ms] [LOG] [Fast Refresh] done in 121ms @ http://localhost:3000/_next/static/chunks/node_modules_next_dist_f3530cac._.js:2297
[  666361ms] [LOG] [Fast Refresh] rebuilding @ http://localhost:3000/_next/static/chunks/node_modules_next_dist_f3530cac._.js:2297
[  666390ms] [LOG] [Fast Refresh] done in 131ms @ http://localhost:3000/_next/static/chunks/node_modules_next_dist_f3530cac._.js:2297
[  670029ms] [LOG] [Fast Refresh] rebuilding @ http://localhost:3000/_next/static/chunks/node_modules_next_dist_f3530cac._.js:2297
[  670074ms] [LOG] [Fast Refresh] done in 145ms @ http://localhost:3000/_next/static/chunks/node_modules_next_dist_f3530cac._.js:2297
[  670632ms] [LOG] [Fast Refresh] rebuilding @ http://localhost:3000/_next/static/chunks/node_modules_next_dist_f3530cac._.js:2297
[  670643ms] [LOG] [Fast Refresh] done in 112ms @ http://localhost:3000/_next/static/chunks/node_modules_next_dist_f3530cac._.js:2297
[  675093ms] [LOG] [Fast Refresh] rebuilding @ http://localhost:3000/_next/static/chunks/node_modules_next_dist_f3530cac._.js:2297
[  675215ms] [LOG] [Fast Refresh] done in 224ms @ http://localhost:3000/_next/static/chunks/node_modules_next_dist_f3530cac._.js:2297
[  678606ms] [LOG] [Fast Refresh] rebuilding @ http://localhost:3000/_next/static/chunks/node_modules_next_dist_f3530cac._.js:2297
[  678896ms] [LOG] [Fast Refresh] done in 393ms @ http://localhost:3000/_next/static/chunks/node_modules_next_dist_f3530cac._.js:2297
[  683296ms] [LOG] [Fast Refresh] rebuilding @ http://localhost:3000/_next/static/chunks/node_modules_next_dist_f3530cac._.js:2297
[  683486ms] [LOG] [Fast Refresh] done in 291ms @ http://localhost:3000/_next/static/chunks/node_modules_next_dist_f3530cac._.js:2297
[  698394ms] [LOG] [Fast Refresh] rebuilding @ http://localhost:3000/_next/static/chunks/node_modules_next_dist_f3530cac._.js:2297
[  699054ms] [LOG] [Fast Refresh] done in 759ms @ http://localhost:3000/_next/static/chunks/node_modules_next_dist_f3530cac._.js:2297
[  703157ms] [LOG] [Fast Refresh] rebuilding @ http://localhost:3000/_next/static/chunks/node_modules_next_dist_f3530cac._.js:2297
[  703436ms] [LOG] [Fast Refresh] done in 380ms @ http://localhost:3000/_next/static/chunks/node_modules_next_dist_f3530cac._.js:2297
[  705883ms] [LOG] [Fast Refresh] rebuilding @ http://localhost:3000/_next/static/chunks/node_modules_next_dist_f3530cac._.js:2297
[  707839ms] [LOG] [Fast Refresh] done in 2057ms @ http://localhost:3000/_next/static/chunks/node_modules_next_dist_f3530cac._.js:2297
[  711684ms] [LOG] [Fast Refresh] rebuilding @ http://localhost:3000/_next/static/chunks/node_modules_next_dist_f3530cac._.js:2297
[  711956ms] [LOG] [Fast Refresh] done in 374ms @ http://localhost:3000/_next/static/chunks/node_modules_next_dist_f3530cac._.js:2297
[  719220ms] [LOG] [Fast Refresh] rebuilding @ http://localhost:3000/_next/static/chunks/node_modules_next_dist_f3530cac._.js:2297
[  719305ms] [LOG] [Fast Refresh] done in 191ms @ http://localhost:3000/_next/static/chunks/node_modules_next_dist_f3530cac._.js:2297
[  743651ms] [LOG] [Fast Refresh] rebuilding @ http://localhost:3000/_next/static/chunks/node_modules_next_dist_f3530cac._.js:2297
[  743671ms] [LOG] [Fast Refresh] done in 123ms @ http://localhost:3000/_next/static/chunks/node_modules_next_dist_f3530cac._.js:2297
[  760663ms] [LOG] [Fast Refresh] rebuilding @ http://localhost:3000/_next/static/chunks/node_modules_next_dist_f3530cac._.js:2297
[  760708ms] [LOG] [Fast Refresh] done in 147ms @ http://localhost:3000/_next/static/chunks/node_modules_next_dist_f3530cac._.js:2297
[  762407ms] [LOG] [Fast Refresh] rebuilding @ http://localhost:3000/_next/static/chunks/node_modules_next_dist_f3530cac._.js:2297
[  762439ms] [LOG] [Fast Refresh] done in 133ms @ http://localhost:3000/_next/static/chunks/node_modules_next_dist_f3530cac._.js:2297
[  800960ms] [LOG] [Fast Refresh] rebuilding @ http://localhost:3000/_next/static/chunks/node_modules_next_dist_f3530cac._.js:2297
[  800992ms] [LOG] [Fast Refresh] done in 134ms @ http://localhost:3000/_next/static/chunks/node_modules_next_dist_f3530cac._.js:2297
[  818589ms] [LOG] [Fast Refresh] rebuilding @ http://localhost:3000/_next/static/chunks/node_modules_next_dist_f3530cac._.js:2297
[  818604ms] [LOG] [Fast Refresh] done in 116ms @ http://localhost:3000/_next/static/chunks/node_modules_next_dist_f3530cac._.js:2297
[  839815ms] [LOG] [Fast Refresh] rebuilding @ http://localhost:3000/_next/static/chunks/node_modules_next_dist_f3530cac._.js:2297
[  839825ms] [LOG] [Fast Refresh] done in 110ms @ http://localhost:3000/_next/static/chunks/node_modules_next_dist_f3530cac._.js:2297
[  846978ms] [LOG] [Fast Refresh] rebuilding @ http://localhost:3000/_next/static/chunks/node_modules_next_dist_f3530cac._.js:2297
[  846986ms] [LOG] [Fast Refresh] done in 109ms @ http://localhost:3000/_next/static/chunks/node_modules_next_dist_f3530cac._.js:2297
[  850141ms] [LOG] [Fast Refresh] rebuilding @ http://localhost:3000/_next/static/chunks/node_modules_next_dist_f3530cac._.js:2297
[  850145ms] [LOG] [Fast Refresh] done in 105ms @ http://localhost:3000/_next/static/chunks/node_modules_next_dist_f3530cac._.js:2297
[  866604ms] [LOG] [Fast Refresh] rebuilding @ http://localhost:3000/_next/static/chunks/node_modules_next_dist_f3530cac._.js:2297
[  866619ms] [LOG] [Fast Refresh] done in 118ms @ http://localhost:3000/_next/static/chunks/node_modules_next_dist_f3530cac._.js:2297
[  867294ms] [LOG] [Fast Refresh] rebuilding @ http://localhost:3000/_next/static/chunks/node_modules_next_dist_f3530cac._.js:2297
[  867305ms] [LOG] [Fast Refresh] done in 112ms @ http://localhost:3000/_next/static/chunks/node_modules_next_dist_f3530cac._.js:2297
[  884545ms] [LOG] [Fast Refresh] rebuilding @ http://localhost:3000/_next/static/chunks/node_modules_next_dist_f3530cac._.js:2297
[  884559ms] [LOG] [Fast Refresh] done in 115ms @ http://localhost:3000/_next/static/chunks/node_modules_next_dist_f3530cac._.js:2297
[  901745ms] [LOG] [Fast Refresh] rebuilding @ http://localhost:3000/_next/static/chunks/node_modules_next_dist_f3530cac._.js:2297
[  901757ms] [LOG] [Fast Refresh] done in 112ms @ http://localhost:3000/_next/static/chunks/node_modules_next_dist_f3530cac._.js:2297
[  919194ms] [LOG] [Fast Refresh] rebuilding @ http://localhost:3000/_next/static/chunks/node_modules_next_dist_f3530cac._.js:2297
[  919210ms] [LOG] [Fast Refresh] done in 117ms @ http://localhost:3000/_next/static/chunks/node_modules_next_dist_f3530cac._.js:2297
[  936382ms] [LOG] [Fast Refresh] rebuilding @ http://localhost:3000/_next/static/chunks/node_modules_next_dist_f3530cac._.js:2297
[  936410ms] [LOG] [Fast Refresh] done in 128ms @ http://localhost:3000/_next/static/chunks/node_modules_next_dist_f3530cac._.js:2297
[  953335ms] [LOG] [Fast Refresh] rebuilding @ http://localhost:3000/_next/static/chunks/node_modules_next_dist_f3530cac._.js:2297
[  953457ms] [LOG] [Fast Refresh] done in 223ms @ http://localhost:3000/_next/static/chunks/node_modules_next_dist_f3530cac._.js:2297
[  983950ms] [LOG] [Fast Refresh] rebuilding @ http://localhost:3000/_next/static/chunks/node_modules_next_dist_f3530cac._.js:2297
[  984057ms] [LOG] [Fast Refresh] done in 209ms @ http://localhost:3000/_next/static/chunks/node_modules_next_dist_f3530cac._.js:2297
[ 1015032ms] [LOG] [Fast Refresh] rebuilding @ http://localhost:3000/_next/static/chunks/node_modules_next_dist_f3530cac._.js:2297
[ 1015057ms] [LOG] [Fast Refresh] done in 127ms @ http://localhost:3000/_next/static/chunks/node_modules_next_dist_f3530cac._.js:2297
[ 1031834ms] [LOG] [Fast Refresh] rebuilding @ http://localhost:3000/_next/static/chunks/node_modules_next_dist_f3530cac._.js:2297
[ 1031840ms] [LOG] [Fast Refresh] done in 106ms @ http://localhost:3000/_next/static/chunks/node_modules_next_dist_f3530cac._.js:2297
[ 1048818ms] [LOG] [Fast Refresh] rebuilding @ http://localhost:3000/_next/static/chunks/node_modules_next_dist_f3530cac._.js:2297
[ 1048828ms] [LOG] [Fast Refresh] done in 110ms @ http://localhost:3000/_next/static/chunks/node_modules_next_dist_f3530cac._.js:2297
[ 1065551ms] [LOG] [Fast Refresh] rebuilding @ http://localhost:3000/_next/static/chunks/node_modules_next_dist_f3530cac._.js:2297
[ 1065557ms] [LOG] [Fast Refresh] done in 108ms @ http://localhost:3000/_next/static/chunks/node_modules_next_dist_f3530cac._.js:2297
[ 1082438ms] [LOG] [Fast Refresh] rebuilding @ http://localhost:3000/_next/static/chunks/node_modules_next_dist_f3530cac._.js:2297
[ 1082451ms] [LOG] [Fast Refresh] done in 113ms @ http://localhost:3000/_next/static/chunks/node_modules_next_dist_f3530cac._.js:2297
[ 1099103ms] [LOG] [Fast Refresh] rebuilding @ http://localhost:3000/_next/static/chunks/node_modules_next_dist_f3530cac._.js:2297
[ 1099108ms] [LOG] [Fast Refresh] done in 106ms @ http://localhost:3000/_next/static/chunks/node_modules_next_dist_f3530cac._.js:2297
[ 1115935ms] [LOG] [Fast Refresh] rebuilding @ http://localhost:3000/_next/static/chunks/node_modules_next_dist_f3530cac._.js:2297
[ 1115945ms] [LOG] [Fast Refresh] done in 111ms @ http://localhost:3000/_next/static/chunks/node_modules_next_dist_f3530cac._.js:2297
[ 1123796ms] [ERROR] Loading the script 'https://abacus.kopassus.monitor/script.js' violates the following Content Security Policy directive: "script-src 'self' 'sha256-LnMFPWZxTgVOr2VYwIh9mhQ3l/l3+a3SfNOLERnuHfY=' 'sha256-4Z2xtr1B9QQugoojE/nbpOViG+8l2B7CZVlKgC78AeQ=' 'sha256-903UI9my1I7mqHoiVeZSc56yd50YoRJTB2269QqL76w=' 'sha256-EytE6o1N8rwzpVFMrF+WvBZr2y5UhFLw79o1/4VqS0s=' 'wasm-unsafe-eval' https://www.youtube.com https://static.cloudflareinsights.com https://vercel.live https://challenges.cloudflare.com https://abacus.worldmonitor.app https://*.clerk.accounts.dev https://*.dodopayments.com https://js.stripe.com". Note that 'script-src-elem' was not explicitly set, so 'script-src' is used as a fallback. The action has been blocked. @ http://localhost:3000/register/seller:0
[ 1123797ms] [ERROR] Executing inline script violates the following Content Security Policy directive 'script-src 'self' 'sha256-LnMFPWZxTgVOr2VYwIh9mhQ3l/l3+a3SfNOLERnuHfY=' 'sha256-4Z2xtr1B9QQugoojE/nbpOViG+8l2B7CZVlKgC78AeQ=' 'sha256-903UI9my1I7mqHoiVeZSc56yd50YoRJTB2269QqL76w=' 'sha256-EytE6o1N8rwzpVFMrF+WvBZr2y5UhFLw79o1/4VqS0s=' 'wasm-unsafe-eval' https://www.youtube.com https://static.cloudflareinsights.com https://vercel.live https://challenges.cloudflare.com https://abacus.worldmonitor.app https://*.clerk.accounts.dev https://*.dodopayments.com https://js.stripe.com'. Either the 'unsafe-inline' keyword, a hash ('sha256-tDKZvdOJav50FMAZb0YNJSqzoEZnmnLD9yaKxf134TQ='), or a nonce ('nonce-...') is required to enable inline execution. The action has been blocked. @ http://localhost:3000/register/seller:127
[ 1126012ms] [ERROR] [feeds] DEFAULT_ENABLED name "Breaking Defense" not found in FULL_FEEDS! @ http://localhost:3000/src/config/feeds.ts:1171
[ 1126012ms] [LOG] [feeds] 107 unique default-enabled sources / 204 total @ http://localhost:3000/src/config/feeds.ts:1173
[ 1126151ms] [WARNING] THREE.THREE.Clock: This module has been deprecated. Please use THREE.Timer instead. @ http://localhost:3000/node_modules/.vite/deps/chunk-JENIRZW7.js?v=a7f78a2c:296
[ 1126162ms] [ERROR] Loading the script 'https://va.vercel-scripts.com/v1/script.debug.js' violates the following Content Security Policy directive: "script-src 'self' 'sha256-LnMFPWZxTgVOr2VYwIh9mhQ3l/l3+a3SfNOLERnuHfY=' 'sha256-4Z2xtr1B9QQugoojE/nbpOViG+8l2B7CZVlKgC78AeQ=' 'sha256-903UI9my1I7mqHoiVeZSc56yd50YoRJTB2269QqL76w=' 'sha256-EytE6o1N8rwzpVFMrF+WvBZr2y5UhFLw79o1/4VqS0s=' 'wasm-unsafe-eval' https://www.youtube.com https://static.cloudflareinsights.com https://vercel.live https://challenges.cloudflare.com https://abacus.worldmonitor.app https://*.clerk.accounts.dev https://*.dodopayments.com https://js.stripe.com". Note that 'script-src-elem' was not explicitly set, so 'script-src' is used as a fallback. The action has been blocked. @ http://localhost:3000/node_modules/.vite/deps/@vercel_analytics.js?v=c67a17a2:185
[ 1126164ms] [LOG] [App] Variant check: stored="indonesia", current="indonesia" @ http://localhost:3000/src/App.ts:393
[ 1126164ms] [LOG] [App] Loaded panel settings from storage: [positive-feed, progress, counters, spotlight, breakthroughs, digest, species, renewable, giving, insights, commodity-news, liquidity-shifts, positioning-247, gold-silver, energy, mining-news, critical-minerals, base-metals, mining-companies, supply-chain, commodity-regulation, energy-complex, pipeline-status, oil-inventories, gold-intelligence, heatmap, macro-signals, trade-policy, sanctions-pressure, economic, gulf-economies, gcc-investments, consumer-prices, airline-intel, polymarket, world-clock, monitors, latest-brief, energy-risk-overview, chokepoint-strip, storage-facility-map, fuel-shortages, energy-disruptions, hormuz-tracker, energy-crisis, fuel-prices, climate, live-webcams, windy-webcams, ai, startups, vcblogs, regionalStartups, unicorns, accelerators, security, policy, layoffs, finance, crypto, hardware, cloud, dev, github, ipo, funding, producthunt, events, internet-disruptions, service-status, tech-readiness, etf-flows, stablecoins, tech-hubs, ai-regulation, stock-analysis, stock-backtest, daily-market-brief, markets-news, forex, bonds, commodities-news, crypto-news, crypto-heatmap, defi-tokens, ai-tokens, other-tokens, centralbanks, economic-news, macro-tiles, fear-greed, aaii-sentiment, market-breadth, fsi, yield-curve, earnings-calendar, economic-calendar, cot-positioning, derivatives, fintech] @ http://localhost:3000/src/App.ts:513
[ 1126166ms] [LOG] [entitlements] No VITE_CONVEX_URL — skipping Convex subscription @ http://localhost:3000/src/services/entitlements.ts:11
[ 1126166ms] [WARNING] [billing] No VITE_CONVEX_URL -- skipping subscription watch @ http://localhost:3000/src/services/billing.ts:19
[ 1126178ms] [LOG] [Vercel Web Analytics] Failed to load script from https://va.vercel-scripts.com/v1/script.debug.js. Please check if any ad blockers are enabled and try again. @ http://localhost:3000/node_modules/.vite/deps/@vercel_analytics.js?v=c67a17a2:181
[ 1126199ms] [ERROR] The script has an unsupported MIME type ('text/html'). @ :0
[ 1126209ms] [WARNING] [PWA] Service worker registration failed: SecurityError: Failed to register a ServiceWorker for scope ('http://localhost:3000/') with script ('http://localhost:3000/sw.js'): The script has an unsupported MIME type ('text/html'). @ http://localhost:3000/src/main.ts:565
[ 1126211ms] [INFO] 🌐 i18next is made possible by our own product, Locize — consider powering your project with managed localization (AI, CDN, integrations): https://locize.com 💙 @ http://localhost:3000/node_modules/.vite/deps/i18next.js?v=a6169c8e:1803
[ 1126213ms] [LOG] i18next: languageChanged en-US @ http://localhost:3000/node_modules/.vite/deps/i18next.js?v=a6169c8e:207
[ 1126213ms] [LOG] i18next: initialized {debug: true, initAsync: true, ns: Array(1), defaultNS: Array(1), fallbackLng: Array(1)} @ http://localhost:3000/node_modules/.vite/deps/i18next.js?v=a6169c8e:207
[ 1126227ms] [WARNING] [clerk] VITE_CLERK_PUBLISHABLE_KEY not set, auth disabled @ http://localhost:3000/src/services/clerk.ts:62
[ 1126260ms] [LOG] [MapContainer] Initializing deck.gl map (desktop mode) @ http://localhost:3000/src/components/MapContainer.ts:110
[ 1126302ms] [LOG] i18next::translator: missingKey en-US translation components.deckgl.layers.commodityPorts components.deckgl.layers.commodityPorts @ http://localhost:3000/node_modules/.vite/deps/i18next.js?v=a6169c8e:207
[ 1126303ms] [LOG] i18next::translator: missingKey en-US translation components.deckgl.layers.webcams components.deckgl.layers.webcams @ http://localhost:3000/node_modules/.vite/deps/i18next.js?v=a6169c8e:207
[ 1126303ms] [LOG] i18next::translator: missingKey en-US translation components.deckgl.layers.miningSites components.deckgl.layers.miningSites @ http://localhost:3000/node_modules/.vite/deps/i18next.js?v=a6169c8e:207
[ 1126303ms] [LOG] i18next::translator: missingKey en-US translation components.deckgl.layers.processingPlants components.deckgl.layers.processingPlants @ http://localhost:3000/node_modules/.vite/deps/i18next.js?v=a6169c8e:207
[ 1126303ms] [LOG] i18next::translator: missingKey en-US translation components.deckgl.layers.resilienceScore components.deckgl.layers.resilienceScore @ http://localhost:3000/node_modules/.vite/deps/i18next.js?v=a6169c8e:207
[ 1126303ms] [LOG] i18next::translator: missingKey en-US translation components.deckgl.layers.diseaseOutbreaks components.deckgl.layers.diseaseOutbreaks @ http://localhost:3000/node_modules/.vite/deps/i18next.js?v=a6169c8e:207
[ 1126303ms] [LOG] i18next::translator: missingKey en-US translation components.deckgl.layers.sanctions components.deckgl.layers.sanctions @ http://localhost:3000/node_modules/.vite/deps/i18next.js?v=a6169c8e:207
[ 1126307ms] [LOG] i18next::translator: missingKey en-US translation panels.cctvIpStream.infoTooltip panels.cctvIpStream.infoTooltip @ http://localhost:3000/node_modules/.vite/deps/i18next.js?v=a6169c8e:207
[ 1126367ms] [LOG] i18next::translator: missingKey en-US translation panels.disasters panels.disasters @ http://localhost:3000/node_modules/.vite/deps/i18next.js?v=a6169c8e:207
[ 1126367ms] [LOG] i18next::translator: missingKey en-US translation panels.positiveFeed panels.positiveFeed @ http://localhost:3000/node_modules/.vite/deps/i18next.js?v=a6169c8e:207
[ 1126367ms] [LOG] i18next::translator: missingKey en-US translation panels.progress panels.progress @ http://localhost:3000/node_modules/.vite/deps/i18next.js?v=a6169c8e:207
[ 1126367ms] [LOG] i18next::translator: missingKey en-US translation panels.counters panels.counters @ http://localhost:3000/node_modules/.vite/deps/i18next.js?v=a6169c8e:207
[ 1126368ms] [LOG] i18next::translator: missingKey en-US translation panels.spotlight panels.spotlight @ http://localhost:3000/node_modules/.vite/deps/i18next.js?v=a6169c8e:207
[ 1126368ms] [LOG] i18next::translator: missingKey en-US translation panels.breakthroughs panels.breakthroughs @ http://localhost:3000/node_modules/.vite/deps/i18next.js?v=a6169c8e:207
[ 1126368ms] [LOG] i18next::translator: missingKey en-US translation panels.digest panels.digest @ http://localhost:3000/node_modules/.vite/deps/i18next.js?v=a6169c8e:207
[ 1126368ms] [LOG] i18next::translator: missingKey en-US translation panels.species panels.species @ http://localhost:3000/node_modules/.vite/deps/i18next.js?v=a6169c8e:207
[ 1126368ms] [LOG] i18next::translator: missingKey en-US translation panels.renewable panels.renewable @ http://localhost:3000/node_modules/.vite/deps/i18next.js?v=a6169c8e:207
[ 1126368ms] [LOG] i18next::translator: missingKey en-US translation panels.commodityNews panels.commodityNews @ http://localhost:3000/node_modules/.vite/deps/i18next.js?v=a6169c8e:207
[ 1126368ms] [LOG] i18next::translator: missingKey en-US translation panels.liquidityShifts panels.liquidityShifts @ http://localhost:3000/node_modules/.vite/deps/i18next.js?v=a6169c8e:207
[ 1126368ms] [LOG] i18next::translator: missingKey en-US translation panels.positioning-247 panels.positioning-247 @ http://localhost:3000/node_modules/.vite/deps/i18next.js?v=a6169c8e:207
[ 1126368ms] [LOG] i18next::translator: missingKey en-US translation panels.goldSilver panels.goldSilver @ http://localhost:3000/node_modules/.vite/deps/i18next.js?v=a6169c8e:207
[ 1126368ms] [LOG] i18next::translator: missingKey en-US translation panels.miningNews panels.miningNews @ http://localhost:3000/node_modules/.vite/deps/i18next.js?v=a6169c8e:207
[ 1126368ms] [LOG] i18next::translator: missingKey en-US translation panels.criticalMinerals panels.criticalMinerals @ http://localhost:3000/node_modules/.vite/deps/i18next.js?v=a6169c8e:207
[ 1126369ms] [LOG] i18next::translator: missingKey en-US translation panels.baseMetals panels.baseMetals @ http://localhost:3000/node_modules/.vite/deps/i18next.js?v=a6169c8e:207
[ 1126369ms] [LOG] i18next::translator: missingKey en-US translation panels.miningCompanies panels.miningCompanies @ http://localhost:3000/node_modules/.vite/deps/i18next.js?v=a6169c8e:207
[ 1126369ms] [LOG] i18next::translator: missingKey en-US translation panels.commodityRegulation panels.commodityRegulation @ http://localhost:3000/node_modules/.vite/deps/i18next.js?v=a6169c8e:207
[ 1126369ms] [LOG] i18next::translator: missingKey en-US translation panels.pipelineStatus panels.pipelineStatus @ http://localhost:3000/node_modules/.vite/deps/i18next.js?v=a6169c8e:207
[ 1126369ms] [LOG] i18next::translator: missingKey en-US translation panels.sanctionsPressure panels.sanctionsPressure @ http://localhost:3000/node_modules/.vite/deps/i18next.js?v=a6169c8e:207
[ 1126369ms] [LOG] i18next::translator: missingKey en-US translation panels.worldClock panels.worldClock @ http://localhost:3000/node_modules/.vite/deps/i18next.js?v=a6169c8e:207
[ 1126369ms] [LOG] i18next::translator: missingKey en-US translation panels.latestBrief panels.latestBrief @ http://localhost:3000/node_modules/.vite/deps/i18next.js?v=a6169c8e:207
[ 1126369ms] [LOG] i18next::translator: missingKey en-US translation panels.energyRiskOverview panels.energyRiskOverview @ http://localhost:3000/node_modules/.vite/deps/i18next.js?v=a6169c8e:207
[ 1126369ms] [LOG] i18next::translator: missingKey en-US translation panels.chokepointStrip panels.chokepointStrip @ http://localhost:3000/node_modules/.vite/deps/i18next.js?v=a6169c8e:207
[ 1126369ms] [LOG] i18next::translator: missingKey en-US translation panels.storageFacilityMap panels.storageFacilityMap @ http://localhost:3000/node_modules/.vite/deps/i18next.js?v=a6169c8e:207
[ 1126369ms] [LOG] i18next::translator: missingKey en-US translation panels.fuelShortages panels.fuelShortages @ http://localhost:3000/node_modules/.vite/deps/i18next.js?v=a6169c8e:207
[ 1126369ms] [LOG] i18next::translator: missingKey en-US translation panels.energyDisruptions panels.energyDisruptions @ http://localhost:3000/node_modules/.vite/deps/i18next.js?v=a6169c8e:207
[ 1126369ms] [LOG] i18next::translator: missingKey en-US translation panels.hormuzTracker panels.hormuzTracker @ http://localhost:3000/node_modules/.vite/deps/i18next.js?v=a6169c8e:207
[ 1126370ms] [LOG] i18next::translator: missingKey en-US translation panels.aiRegulation panels.aiRegulation @ http://localhost:3000/node_modules/.vite/deps/i18next.js?v=a6169c8e:207
[ 1126370ms] [LOG] i18next::translator: missingKey en-US translation panels.stockAnalysis panels.stockAnalysis @ http://localhost:3000/node_modules/.vite/deps/i18next.js?v=a6169c8e:207
[ 1126370ms] [LOG] i18next::translator: missingKey en-US translation panels.stockBacktest panels.stockBacktest @ http://localhost:3000/node_modules/.vite/deps/i18next.js?v=a6169c8e:207
[ 1126370ms] [LOG] i18next::translator: missingKey en-US translation panels.dailyMarketBrief panels.dailyMarketBrief @ http://localhost:3000/node_modules/.vite/deps/i18next.js?v=a6169c8e:207
[ 1126370ms] [LOG] i18next::translator: missingKey en-US translation panels.marketsNews panels.marketsNews @ http://localhost:3000/node_modules/.vite/deps/i18next.js?v=a6169c8e:207
[ 1126370ms] [LOG] i18next::translator: missingKey en-US translation panels.forex panels.forex @ http://localhost:3000/node_modules/.vite/deps/i18next.js?v=a6169c8e:207
[ 1126370ms] [LOG] i18next::translator: missingKey en-US translation panels.bonds panels.bonds @ http://localhost:3000/node_modules/.vite/deps/i18next.js?v=a6169c8e:207
[ 1126370ms] [LOG] i18next::translator: missingKey en-US translation panels.commoditiesNews panels.commoditiesNews @ http://localhost:3000/node_modules/.vite/deps/i18next.js?v=a6169c8e:207
[ 1126370ms] [LOG] i18next::translator: missingKey en-US translation panels.cryptoNews panels.cryptoNews @ http://localhost:3000/node_modules/.vite/deps/i18next.js?v=a6169c8e:207
[ 1126370ms] [LOG] i18next::translator: missingKey en-US translation panels.cryptoHeatmap panels.cryptoHeatmap @ http://localhost:3000/node_modules/.vite/deps/i18next.js?v=a6169c8e:207
[ 1126370ms] [LOG] i18next::translator: missingKey en-US translation panels.defiTokens panels.defiTokens @ http://localhost:3000/node_modules/.vite/deps/i18next.js?v=a6169c8e:207
[ 1126370ms] [LOG] i18next::translator: missingKey en-US translation panels.aiTokens panels.aiTokens @ http://localhost:3000/node_modules/.vite/deps/i18next.js?v=a6169c8e:207
[ 1126370ms] [LOG] i18next::translator: missingKey en-US translation panels.otherTokens panels.otherTokens @ http://localhost:3000/node_modules/.vite/deps/i18next.js?v=a6169c8e:207
[ 1126370ms] [LOG] i18next::translator: missingKey en-US translation panels.centralbanks panels.centralbanks @ http://localhost:3000/node_modules/.vite/deps/i18next.js?v=a6169c8e:207
[ 1126370ms] [LOG] i18next::translator: missingKey en-US translation panels.economicNews panels.economicNews @ http://localhost:3000/node_modules/.vite/deps/i18next.js?v=a6169c8e:207
[ 1126370ms] [LOG] i18next::translator: missingKey en-US translation panels.macroTiles panels.macroTiles @ http://localhost:3000/node_modules/.vite/deps/i18next.js?v=a6169c8e:207
[ 1126370ms] [LOG] i18next::translator: missingKey en-US translation panels.aaiiSentiment panels.aaiiSentiment @ http://localhost:3000/node_modules/.vite/deps/i18next.js?v=a6169c8e:207
[ 1126370ms] [LOG] i18next::translator: missingKey en-US translation panels.fsi panels.fsi @ http://localhost:3000/node_modules/.vite/deps/i18next.js?v=a6169c8e:207
[ 1126371ms] [LOG] i18next::translator: missingKey en-US translation panels.yieldCurve panels.yieldCurve @ http://localhost:3000/node_modules/.vite/deps/i18next.js?v=a6169c8e:207
[ 1126371ms] [LOG] i18next::translator: missingKey en-US translation panels.earningsCalendar panels.earningsCalendar @ http://localhost:3000/node_modules/.vite/deps/i18next.js?v=a6169c8e:207
[ 1126371ms] [LOG] i18next::translator: missingKey en-US translation panels.economicCalendar panels.economicCalendar @ http://localhost:3000/node_modules/.vite/deps/i18next.js?v=a6169c8e:207
[ 1126371ms] [LOG] i18next::translator: missingKey en-US translation panels.cotPositioning panels.cotPositioning @ http://localhost:3000/node_modules/.vite/deps/i18next.js?v=a6169c8e:207
[ 1126371ms] [LOG] i18next::translator: missingKey en-US translation panels.derivatives panels.derivatives @ http://localhost:3000/node_modules/.vite/deps/i18next.js?v=a6169c8e:207
[ 1126371ms] [LOG] i18next::translator: missingKey en-US translation panels.fintech panels.fintech @ http://localhost:3000/node_modules/.vite/deps/i18next.js?v=a6169c8e:207
[ 1126371ms] [LOG] i18next::translator: missingKey en-US translation panels.institutional panels.institutional @ http://localhost:3000/node_modules/.vite/deps/i18next.js?v=a6169c8e:207
[ 1126371ms] [LOG] i18next::translator: missingKey en-US translation panels.analysis panels.analysis @ http://localhost:3000/node_modules/.vite/deps/i18next.js?v=a6169c8e:207
[ 1126371ms] [LOG] i18next::translator: missingKey en-US translation panels.gccNews panels.gccNews @ http://localhost:3000/node_modules/.vite/deps/i18next.js?v=a6169c8e:207
[ 1126371ms] [LOG] i18next::translator: missingKey en-US translation panels.forecast panels.forecast @ http://localhost:3000/node_modules/.vite/deps/i18next.js?v=a6169c8e:207
[ 1126371ms] [LOG] i18next::translator: missingKey en-US translation panels.militaryCorrelation panels.militaryCorrelation @ http://localhost:3000/node_modules/.vite/deps/i18next.js?v=a6169c8e:207
[ 1126371ms] [LOG] i18next::translator: missingKey en-US translation panels.escalationCorrelation panels.escalationCorrelation @ http://localhost:3000/node_modules/.vite/deps/i18next.js?v=a6169c8e:207
[ 1126371ms] [LOG] i18next::translator: missingKey en-US translation panels.economicCorrelation panels.economicCorrelation @ http://localhost:3000/node_modules/.vite/deps/i18next.js?v=a6169c8e:207
[ 1126371ms] [LOG] i18next::translator: missingKey en-US translation panels.disasterCorrelation panels.disasterCorrelation @ http://localhost:3000/node_modules/.vite/deps/i18next.js?v=a6169c8e:207
[ 1126371ms] [LOG] i18next::translator: missingKey en-US translation panels.chatAnalyst panels.chatAnalyst @ http://localhost:3000/node_modules/.vite/deps/i18next.js?v=a6169c8e:207
[ 1126371ms] [LOG] i18next::translator: missingKey en-US translation panels.diseaseOutbreaks panels.diseaseOutbreaks @ http://localhost:3000/node_modules/.vite/deps/i18next.js?v=a6169c8e:207
[ 1126371ms] [LOG] i18next::translator: missingKey en-US translation panels.socialVelocity panels.socialVelocity @ http://localhost:3000/node_modules/.vite/deps/i18next.js?v=a6169c8e:207
[ 1126371ms] [LOG] i18next::translator: missingKey en-US translation panels.defensePatents panels.defensePatents @ http://localhost:3000/node_modules/.vite/deps/i18next.js?v=a6169c8e:207
[ 1126372ms] [LOG] i18next::translator: missingKey en-US translation panels.radiationWatch panels.radiationWatch @ http://localhost:3000/node_modules/.vite/deps/i18next.js?v=a6169c8e:207
[ 1126372ms] [LOG] i18next::translator: missingKey en-US translation panels.thermalEscalation panels.thermalEscalation @ http://localhost:3000/node_modules/.vite/deps/i18next.js?v=a6169c8e:207
[ 1126372ms] [LOG] i18next::translator: missingKey en-US translation panels.nationalDebt panels.nationalDebt @ http://localhost:3000/node_modules/.vite/deps/i18next.js?v=a6169c8e:207
[ 1126372ms] [LOG] i18next::translator: missingKey en-US translation panels.crossSourceSignals panels.crossSourceSignals @ http://localhost:3000/node_modules/.vite/deps/i18next.js?v=a6169c8e:207
[ 1126372ms] [LOG] i18next::translator: missingKey en-US translation panels.regionalIntelligence panels.regionalIntelligence @ http://localhost:3000/node_modules/.vite/deps/i18next.js?v=a6169c8e:207
[ 1126509ms] [WARNING] [clerk] getClerkToken: no session (clerkInstance=false, user=false) @ http://localhost:3000/src/services/clerk.ts:127
[ 1126577ms] [WARNING] Image "circle-11" could not be loaded. Please make sure you have added the image with map.addImage() or a "sprite" property in your style. You can provide missing images by listening for the "styleimagemissing" map event. @ http://localhost:3000/node_modules/.vite/deps/maplibre-gl.js?v=79b2895a:312
[ 1127046ms] [ERROR] Failed to load resource: the server responded with a status of 503 (Service Unavailable) @ http://localhost:3000/api/gpsjam:0
[ 1127048ms] [ERROR] Failed to load resource: the server responded with a status of 404 (Not Found) @ http://localhost:3000/api/health/v1/list-disease-outbreaks:0
[ 1127073ms] [ERROR] [App] Telegram intel fetch failed: SyntaxError: Unexpected token 'i', "import { g"... is not valid JSON @ http://localhost:3000/src/app/data-loader.ts:2939
[ 1127083ms] [ERROR] [App] Telegram intel fetch failed: SyntaxError: Unexpected token 'i', "import { g"... is not valid JSON @ http://localhost:3000/src/app/data-loader.ts:2939
[ 1127094ms] [ERROR] [Polymarket] Failed: Error: No markets returned — upstream may be down @ http://localhost:3000/src/utils/circuit-breaker.ts:298
[ 1127119ms] [ERROR] [Military Flight Tracking] Failed: Error: No flights returned — upstream may be down @ http://localhost:3000/src/utils/circuit-breaker.ts:298
[ 1127152ms] [ERROR] Failed to load resource: the server responded with a status of 404 (Not Found) @ http://localhost:3000/api/radiation/v1/list-radiation-observations?max_items=18:0
[ 1127152ms] [ERROR] Failed to load resource: the server responded with a status of 404 (Not Found) @ http://localhost:3000/api/thermal/v1/list-thermal-escalations?max_items=12:0
[ 1127152ms] [ERROR] [Radiation Watch] Failed: ApiError: Request failed with status 404 @ http://localhost:3000/src/utils/circuit-breaker.ts:298
[ 1127152ms] [ERROR] [Thermal Escalation] Failed: ApiError: Request failed with status 404 @ http://localhost:3000/src/utils/circuit-breaker.ts:298
[ 1127157ms] [ERROR] [NWS Weather] Failed: SyntaxError: Unexpected token 'i', "import { g"... is not valid JSON @ http://localhost:3000/src/utils/circuit-breaker.ts:298
[ 1127159ms] [ERROR] Failed to load resource: the server responded with a status of 404 (Not Found) @ http://localhost:3000/api/forecast/v1/get-simulation-outcome:0
[ 1127160ms] [ERROR] Failed to load resource: the server responded with a status of 404 (Not Found) @ http://localhost:3000/api/forecast/v1/get-forecasts:0
[ 1127178ms] [ERROR] Failed to load resource: the server responded with a status of 404 (Not Found) @ http://localhost:3000/api/sanctions/v1/list-sanctions-pressure?max_items=30:0
[ 1127179ms] [ERROR] [Sanctions Pressure] Failed: ApiError: Request failed with status 404 @ http://localhost:3000/src/utils/circuit-breaker.ts:298
[ 1127935ms] [WARNING] Failed to execute 'postMessage' on 'DOMWindow': The target origin provided ('https://www.youtube.com') does not match the recipient window's origin ('http://localhost:3000'). @ https://www.youtube.com/s/player/0980151a/www-widgetapi.vflset/www-widgetapi.js:209
[ 1128564ms] [WARNING] [News] Digest fetch failed, using fallback: TypeError: Failed to fetch
    at window.fetch (http://localhost:3000/src/services/runtime.ts:655:18)
    at async DataLoaderManager.tryFetchDigest (http://localhost:3000/src/app/data-loader.ts:292:20)
    at async DataLoaderManager.loadNews (http://localhost:3000/src/app/data-loader.ts:916:20)
    at async runGuarded (http://localhost:3000/src/app/data-loader.ts:357:9)
    at async Promise.allSettled (index 0)
    at async DataLoaderManager.loadAllData (http://localhost:3000/src/app/data-loader.ts:516:23)
    at async Promise.all (index 0)
    at async App.init (http://localhost:3000/src/App.ts:944:5) @ http://localhost:3000/src/app/data-loader.ts:304
[ 1128564ms] [ERROR] [HDX HAPI Batch] Failed: TypeError: Failed to fetch @ http://localhost:3000/src/utils/circuit-breaker.ts:298
[ 1128564ms] [ERROR] [UNHCR Displacement] Failed: TypeError: Failed to fetch @ http://localhost:3000/src/utils/circuit-breaker.ts:298
[ 1128565ms] [LOG] [Intelligence] All signals loaded for CII calculation @ http://localhost:3000/src/app/data-loader.ts:1966
[ 1128577ms] [ERROR] Loading the script 'https://abacus.kopassus.monitor/script.js' violates the following Content Security Policy directive: "script-src 'self' 'sha256-LnMFPWZxTgVOr2VYwIh9mhQ3l/l3+a3SfNOLERnuHfY=' 'sha256-4Z2xtr1B9QQugoojE/nbpOViG+8l2B7CZVlKgC78AeQ=' 'sha256-903UI9my1I7mqHoiVeZSc56yd50YoRJTB2269QqL76w=' 'sha256-EytE6o1N8rwzpVFMrF+WvBZr2y5UhFLw79o1/4VqS0s=' 'wasm-unsafe-eval' https://www.youtube.com https://static.cloudflareinsights.com https://vercel.live https://challenges.cloudflare.com https://abacus.worldmonitor.app https://*.clerk.accounts.dev https://*.dodopayments.com https://js.stripe.com". Note that 'script-src-elem' was not explicitly set, so 'script-src' is used as a fallback. The action has been blocked. @ http://localhost:3000/register/seller?lat=-2.0000&lon=118.0000&zoom=1.00&view=indonesia&timeRange=7d&layers=conflicts%2Cbases%2Chotspots%2Cnuclear%2Csanctions%2Cweather%2Ceconomic%2Cwaterways%2Coutages%2Cmilitary%2Cnatural:0
[ 1128578ms] [ERROR] Executing inline script violates the following Content Security Policy directive 'script-src 'self' 'sha256-LnMFPWZxTgVOr2VYwIh9mhQ3l/l3+a3SfNOLERnuHfY=' 'sha256-4Z2xtr1B9QQugoojE/nbpOViG+8l2B7CZVlKgC78AeQ=' 'sha256-903UI9my1I7mqHoiVeZSc56yd50YoRJTB2269QqL76w=' 'sha256-EytE6o1N8rwzpVFMrF+WvBZr2y5UhFLw79o1/4VqS0s=' 'wasm-unsafe-eval' https://www.youtube.com https://static.cloudflareinsights.com https://vercel.live https://challenges.cloudflare.com https://abacus.worldmonitor.app https://*.clerk.accounts.dev https://*.dodopayments.com https://js.stripe.com'. Either the 'unsafe-inline' keyword, a hash ('sha256-tDKZvdOJav50FMAZb0YNJSqzoEZnmnLD9yaKxf134TQ='), or a nonce ('nonce-...') is required to enable inline execution. The action has been blocked. @ http://localhost:3000/register/seller?lat=-2.0000&lon=118.0000&zoom=1.00&view=indonesia&timeRange=7d&layers=conflicts%2Cbases%2Chotspots%2Cnuclear%2Csanctions%2Cweather%2Ceconomic%2Cwaterways%2Coutages%2Cmilitary%2Cnatural:127
[ 1129674ms] [ERROR] [feeds] DEFAULT_ENABLED name "Breaking Defense" not found in FULL_FEEDS! @ http://localhost:3000/src/config/feeds.ts:1171
[ 1129674ms] [LOG] [feeds] 107 unique default-enabled sources / 204 total @ http://localhost:3000/src/config/feeds.ts:1173
[ 1129795ms] [WARNING] THREE.THREE.Clock: This module has been deprecated. Please use THREE.Timer instead. @ http://localhost:3000/node_modules/.vite/deps/chunk-JENIRZW7.js?v=d584b076:296
[ 1129799ms] [ERROR] Loading the script 'https://va.vercel-scripts.com/v1/script.debug.js' violates the following Content Security Policy directive: "script-src 'self' 'sha256-LnMFPWZxTgVOr2VYwIh9mhQ3l/l3+a3SfNOLERnuHfY=' 'sha256-4Z2xtr1B9QQugoojE/nbpOViG+8l2B7CZVlKgC78AeQ=' 'sha256-903UI9my1I7mqHoiVeZSc56yd50YoRJTB2269QqL76w=' 'sha256-EytE6o1N8rwzpVFMrF+WvBZr2y5UhFLw79o1/4VqS0s=' 'wasm-unsafe-eval' https://www.youtube.com https://static.cloudflareinsights.com https://vercel.live https://challenges.cloudflare.com https://abacus.worldmonitor.app https://*.clerk.accounts.dev https://*.dodopayments.com https://js.stripe.com". Note that 'script-src-elem' was not explicitly set, so 'script-src' is used as a fallback. The action has been blocked. @ http://localhost:3000/node_modules/.vite/deps/@vercel_analytics.js?v=d584b076:185
[ 1129800ms] [LOG] [App] Variant check: stored="indonesia", current="indonesia" @ http://localhost:3000/src/App.ts:393
[ 1129800ms] [LOG] [App] Loaded panel settings from storage: [positive-feed, progress, counters, spotlight, breakthroughs, digest, species, renewable, giving, insights, commodity-news, liquidity-shifts, positioning-247, gold-silver, energy, mining-news, critical-minerals, base-metals, mining-companies, supply-chain, commodity-regulation, energy-complex, pipeline-status, oil-inventories, gold-intelligence, heatmap, macro-signals, trade-policy, sanctions-pressure, economic, gulf-economies, gcc-investments, consumer-prices, airline-intel, polymarket, world-clock, monitors, latest-brief, energy-risk-overview, chokepoint-strip, storage-facility-map, fuel-shortages, energy-disruptions, hormuz-tracker, energy-crisis, fuel-prices, climate, live-webcams, windy-webcams, ai, startups, vcblogs, regionalStartups, unicorns, accelerators, security, policy, layoffs, finance, crypto, hardware, cloud, dev, github, ipo, funding, producthunt, events, internet-disruptions, service-status, tech-readiness, etf-flows, stablecoins, tech-hubs, ai-regulation, stock-analysis, stock-backtest, daily-market-brief, markets-news, forex, bonds, commodities-news, crypto-news, crypto-heatmap, defi-tokens, ai-tokens, other-tokens, centralbanks, economic-news, macro-tiles, fear-greed, aaii-sentiment, market-breadth, fsi, yield-curve, earnings-calendar, economic-calendar, cot-positioning, derivatives, fintech] @ http://localhost:3000/src/App.ts:513
[ 1129801ms] [LOG] [entitlements] No VITE_CONVEX_URL — skipping Convex subscription @ http://localhost:3000/src/services/entitlements.ts:11
[ 1129801ms] [WARNING] [billing] No VITE_CONVEX_URL -- skipping subscription watch @ http://localhost:3000/src/services/billing.ts:19
[ 1129806ms] [ERROR] The script has an unsupported MIME type ('text/html'). @ :0
[ 1129807ms] [LOG] [Vercel Web Analytics] Failed to load script from https://va.vercel-scripts.com/v1/script.debug.js. Please check if any ad blockers are enabled and try again. @ http://localhost:3000/node_modules/.vite/deps/@vercel_analytics.js?v=d584b076:181
[ 1129847ms] [INFO] 🌐 i18next is made possible by our own product, Locize — consider powering your project with managed localization (AI, CDN, integrations): https://locize.com 💙 @ http://localhost:3000/node_modules/.vite/deps/i18next.js?v=d584b076:1803
[ 1129848ms] [LOG] i18next: languageChanged en-US @ http://localhost:3000/node_modules/.vite/deps/i18next.js?v=d584b076:207
[ 1129848ms] [LOG] i18next: initialized {debug: true, initAsync: true, ns: Array(1), defaultNS: Array(1), fallbackLng: Array(1)} @ http://localhost:3000/node_modules/.vite/deps/i18next.js?v=d584b076:207
[ 1129849ms] [WARNING] [PWA] Service worker registration failed: SecurityError: Failed to register a ServiceWorker for scope ('http://localhost:3000/') with script ('http://localhost:3000/sw.js'): The script has an unsupported MIME type ('text/html'). @ http://localhost:3000/src/main.ts:565
[ 1129857ms] [WARNING] [clerk] VITE_CLERK_PUBLISHABLE_KEY not set, auth disabled @ http://localhost:3000/src/services/clerk.ts:62
[ 1129865ms] [LOG] [MapContainer] Initializing deck.gl map (desktop mode) @ http://localhost:3000/src/components/MapContainer.ts:110
[ 1129877ms] [LOG] i18next::translator: missingKey en-US translation components.deckgl.layers.commodityPorts components.deckgl.layers.commodityPorts @ http://localhost:3000/node_modules/.vite/deps/i18next.js?v=d584b076:207
[ 1129877ms] [LOG] i18next::translator: missingKey en-US translation components.deckgl.layers.webcams components.deckgl.layers.webcams @ http://localhost:3000/node_modules/.vite/deps/i18next.js?v=d584b076:207
[ 1129877ms] [LOG] i18next::translator: missingKey en-US translation components.deckgl.layers.miningSites components.deckgl.layers.miningSites @ http://localhost:3000/node_modules/.vite/deps/i18next.js?v=d584b076:207
[ 1129877ms] [LOG] i18next::translator: missingKey en-US translation components.deckgl.layers.processingPlants components.deckgl.layers.processingPlants @ http://localhost:3000/node_modules/.vite/deps/i18next.js?v=d584b076:207
[ 1129877ms] [LOG] i18next::translator: missingKey en-US translation components.deckgl.layers.resilienceScore components.deckgl.layers.resilienceScore @ http://localhost:3000/node_modules/.vite/deps/i18next.js?v=d584b076:207
[ 1129878ms] [LOG] i18next::translator: missingKey en-US translation components.deckgl.layers.diseaseOutbreaks components.deckgl.layers.diseaseOutbreaks @ http://localhost:3000/node_modules/.vite/deps/i18next.js?v=d584b076:207
[ 1129878ms] [LOG] i18next::translator: missingKey en-US translation components.deckgl.layers.sanctions components.deckgl.layers.sanctions @ http://localhost:3000/node_modules/.vite/deps/i18next.js?v=d584b076:207
[ 1129880ms] [LOG] i18next::translator: missingKey en-US translation panels.cctvIpStream.infoTooltip panels.cctvIpStream.infoTooltip @ http://localhost:3000/node_modules/.vite/deps/i18next.js?v=d584b076:207
[ 1129901ms] [LOG] i18next::translator: missingKey en-US translation panels.disasters panels.disasters @ http://localhost:3000/node_modules/.vite/deps/i18next.js?v=d584b076:207
[ 1129901ms] [LOG] i18next::translator: missingKey en-US translation panels.positiveFeed panels.positiveFeed @ http://localhost:3000/node_modules/.vite/deps/i18next.js?v=d584b076:207
[ 1129901ms] [LOG] i18next::translator: missingKey en-US translation panels.progress panels.progress @ http://localhost:3000/node_modules/.vite/deps/i18next.js?v=d584b076:207
[ 1129901ms] [LOG] i18next::translator: missingKey en-US translation panels.counters panels.counters @ http://localhost:3000/node_modules/.vite/deps/i18next.js?v=d584b076:207
[ 1129901ms] [LOG] i18next::translator: missingKey en-US translation panels.spotlight panels.spotlight @ http://localhost:3000/node_modules/.vite/deps/i18next.js?v=d584b076:207
[ 1129901ms] [LOG] i18next::translator: missingKey en-US translation panels.breakthroughs panels.breakthroughs @ http://localhost:3000/node_modules/.vite/deps/i18next.js?v=d584b076:207
[ 1129902ms] [LOG] i18next::translator: missingKey en-US translation panels.digest panels.digest @ http://localhost:3000/node_modules/.vite/deps/i18next.js?v=d584b076:207
[ 1129902ms] [LOG] i18next::translator: missingKey en-US translation panels.species panels.species @ http://localhost:3000/node_modules/.vite/deps/i18next.js?v=d584b076:207
[ 1129902ms] [LOG] i18next::translator: missingKey en-US translation panels.renewable panels.renewable @ http://localhost:3000/node_modules/.vite/deps/i18next.js?v=d584b076:207
[ 1129902ms] [LOG] i18next::translator: missingKey en-US translation panels.commodityNews panels.commodityNews @ http://localhost:3000/node_modules/.vite/deps/i18next.js?v=d584b076:207
[ 1129902ms] [LOG] i18next::translator: missingKey en-US translation panels.liquidityShifts panels.liquidityShifts @ http://localhost:3000/node_modules/.vite/deps/i18next.js?v=d584b076:207
[ 1129902ms] [LOG] i18next::translator: missingKey en-US translation panels.positioning-247 panels.positioning-247 @ http://localhost:3000/node_modules/.vite/deps/i18next.js?v=d584b076:207
[ 1129902ms] [LOG] i18next::translator: missingKey en-US translation panels.goldSilver panels.goldSilver @ http://localhost:3000/node_modules/.vite/deps/i18next.js?v=d584b076:207
[ 1129902ms] [LOG] i18next::translator: missingKey en-US translation panels.miningNews panels.miningNews @ http://localhost:3000/node_modules/.vite/deps/i18next.js?v=d584b076:207
[ 1129902ms] [LOG] i18next::translator: missingKey en-US translation panels.criticalMinerals panels.criticalMinerals @ http://localhost:3000/node_modules/.vite/deps/i18next.js?v=d584b076:207
[ 1129902ms] [LOG] i18next::translator: missingKey en-US translation panels.baseMetals panels.baseMetals @ http://localhost:3000/node_modules/.vite/deps/i18next.js?v=d584b076:207
[ 1129902ms] [LOG] i18next::translator: missingKey en-US translation panels.miningCompanies panels.miningCompanies @ http://localhost:3000/node_modules/.vite/deps/i18next.js?v=d584b076:207
[ 1129902ms] [LOG] i18next::translator: missingKey en-US translation panels.commodityRegulation panels.commodityRegulation @ http://localhost:3000/node_modules/.vite/deps/i18next.js?v=d584b076:207
[ 1129902ms] [LOG] i18next::translator: missingKey en-US translation panels.pipelineStatus panels.pipelineStatus @ http://localhost:3000/node_modules/.vite/deps/i18next.js?v=d584b076:207
[ 1129902ms] [LOG] i18next::translator: missingKey en-US translation panels.sanctionsPressure panels.sanctionsPressure @ http://localhost:3000/node_modules/.vite/deps/i18next.js?v=d584b076:207
[ 1129902ms] [LOG] i18next::translator: missingKey en-US translation panels.worldClock panels.worldClock @ http://localhost:3000/node_modules/.vite/deps/i18next.js?v=d584b076:207
[ 1129902ms] [LOG] i18next::translator: missingKey en-US translation panels.latestBrief panels.latestBrief @ http://localhost:3000/node_modules/.vite/deps/i18next.js?v=d584b076:207
[ 1129902ms] [LOG] i18next::translator: missingKey en-US translation panels.energyRiskOverview panels.energyRiskOverview @ http://localhost:3000/node_modules/.vite/deps/i18next.js?v=d584b076:207
[ 1129902ms] [LOG] i18next::translator: missingKey en-US translation panels.chokepointStrip panels.chokepointStrip @ http://localhost:3000/node_modules/.vite/deps/i18next.js?v=d584b076:207
[ 1129902ms] [LOG] i18next::translator: missingKey en-US translation panels.storageFacilityMap panels.storageFacilityMap @ http://localhost:3000/node_modules/.vite/deps/i18next.js?v=d584b076:207
[ 1129903ms] [LOG] i18next::translator: missingKey en-US translation panels.fuelShortages panels.fuelShortages @ http://localhost:3000/node_modules/.vite/deps/i18next.js?v=d584b076:207
[ 1129903ms] [LOG] i18next::translator: missingKey en-US translation panels.energyDisruptions panels.energyDisruptions @ http://localhost:3000/node_modules/.vite/deps/i18next.js?v=d584b076:207
[ 1129903ms] [LOG] i18next::translator: missingKey en-US translation panels.hormuzTracker panels.hormuzTracker @ http://localhost:3000/node_modules/.vite/deps/i18next.js?v=d584b076:207
[ 1129903ms] [LOG] i18next::translator: missingKey en-US translation panels.aiRegulation panels.aiRegulation @ http://localhost:3000/node_modules/.vite/deps/i18next.js?v=d584b076:207
[ 1129903ms] [LOG] i18next::translator: missingKey en-US translation panels.stockAnalysis panels.stockAnalysis @ http://localhost:3000/node_modules/.vite/deps/i18next.js?v=d584b076:207
[ 1129903ms] [LOG] i18next::translator: missingKey en-US translation panels.stockBacktest panels.stockBacktest @ http://localhost:3000/node_modules/.vite/deps/i18next.js?v=d584b076:207
[ 1129903ms] [LOG] i18next::translator: missingKey en-US translation panels.dailyMarketBrief panels.dailyMarketBrief @ http://localhost:3000/node_modules/.vite/deps/i18next.js?v=d584b076:207
[ 1129903ms] [LOG] i18next::translator: missingKey en-US translation panels.marketsNews panels.marketsNews @ http://localhost:3000/node_modules/.vite/deps/i18next.js?v=d584b076:207
[ 1129903ms] [LOG] i18next::translator: missingKey en-US translation panels.forex panels.forex @ http://localhost:3000/node_modules/.vite/deps/i18next.js?v=d584b076:207
[ 1129903ms] [LOG] i18next::translator: missingKey en-US translation panels.bonds panels.bonds @ http://localhost:3000/node_modules/.vite/deps/i18next.js?v=d584b076:207
[ 1129903ms] [LOG] i18next::translator: missingKey en-US translation panels.commoditiesNews panels.commoditiesNews @ http://localhost:3000/node_modules/.vite/deps/i18next.js?v=d584b076:207
[ 1129903ms] [LOG] i18next::translator: missingKey en-US translation panels.cryptoNews panels.cryptoNews @ http://localhost:3000/node_modules/.vite/deps/i18next.js?v=d584b076:207
[ 1129903ms] [LOG] i18next::translator: missingKey en-US translation panels.cryptoHeatmap panels.cryptoHeatmap @ http://localhost:3000/node_modules/.vite/deps/i18next.js?v=d584b076:207
[ 1129903ms] [LOG] i18next::translator: missingKey en-US translation panels.defiTokens panels.defiTokens @ http://localhost:3000/node_modules/.vite/deps/i18next.js?v=d584b076:207
[ 1129903ms] [LOG] i18next::translator: missingKey en-US translation panels.aiTokens panels.aiTokens @ http://localhost:3000/node_modules/.vite/deps/i18next.js?v=d584b076:207
[ 1129903ms] [LOG] i18next::translator: missingKey en-US translation panels.otherTokens panels.otherTokens @ http://localhost:3000/node_modules/.vite/deps/i18next.js?v=d584b076:207
[ 1129904ms] [LOG] i18next::translator: missingKey en-US translation panels.centralbanks panels.centralbanks @ http://localhost:3000/node_modules/.vite/deps/i18next.js?v=d584b076:207
[ 1129904ms] [LOG] i18next::translator: missingKey en-US translation panels.economicNews panels.economicNews @ http://localhost:3000/node_modules/.vite/deps/i18next.js?v=d584b076:207
[ 1129904ms] [LOG] i18next::translator: missingKey en-US translation panels.macroTiles panels.macroTiles @ http://localhost:3000/node_modules/.vite/deps/i18next.js?v=d584b076:207
[ 1129904ms] [LOG] i18next::translator: missingKey en-US translation panels.aaiiSentiment panels.aaiiSentiment @ http://localhost:3000/node_modules/.vite/deps/i18next.js?v=d584b076:207
[ 1129904ms] [LOG] i18next::translator: missingKey en-US translation panels.fsi panels.fsi @ http://localhost:3000/node_modules/.vite/deps/i18next.js?v=d584b076:207
[ 1129904ms] [LOG] i18next::translator: missingKey en-US translation panels.yieldCurve panels.yieldCurve @ http://localhost:3000/node_modules/.vite/deps/i18next.js?v=d584b076:207
[ 1129904ms] [LOG] i18next::translator: missingKey en-US translation panels.earningsCalendar panels.earningsCalendar @ http://localhost:3000/node_modules/.vite/deps/i18next.js?v=d584b076:207
[ 1129904ms] [LOG] i18next::translator: missingKey en-US translation panels.economicCalendar panels.economicCalendar @ http://localhost:3000/node_modules/.vite/deps/i18next.js?v=d584b076:207
[ 1129904ms] [LOG] i18next::translator: missingKey en-US translation panels.cotPositioning panels.cotPositioning @ http://localhost:3000/node_modules/.vite/deps/i18next.js?v=d584b076:207
[ 1129904ms] [LOG] i18next::translator: missingKey en-US translation panels.derivatives panels.derivatives @ http://localhost:3000/node_modules/.vite/deps/i18next.js?v=d584b076:207
[ 1129904ms] [LOG] i18next::translator: missingKey en-US translation panels.fintech panels.fintech @ http://localhost:3000/node_modules/.vite/deps/i18next.js?v=d584b076:207
[ 1129904ms] [LOG] i18next::translator: missingKey en-US translation panels.institutional panels.institutional @ http://localhost:3000/node_modules/.vite/deps/i18next.js?v=d584b076:207
[ 1129904ms] [LOG] i18next::translator: missingKey en-US translation panels.analysis panels.analysis @ http://localhost:3000/node_modules/.vite/deps/i18next.js?v=d584b076:207
[ 1129904ms] [LOG] i18next::translator: missingKey en-US translation panels.gccNews panels.gccNews @ http://localhost:3000/node_modules/.vite/deps/i18next.js?v=d584b076:207
[ 1129904ms] [LOG] i18next::translator: missingKey en-US translation panels.forecast panels.forecast @ http://localhost:3000/node_modules/.vite/deps/i18next.js?v=d584b076:207
[ 1129904ms] [LOG] i18next::translator: missingKey en-US translation panels.militaryCorrelation panels.militaryCorrelation @ http://localhost:3000/node_modules/.vite/deps/i18next.js?v=d584b076:207
[ 1129904ms] [LOG] i18next::translator: missingKey en-US translation panels.escalationCorrelation panels.escalationCorrelation @ http://localhost:3000/node_modules/.vite/deps/i18next.js?v=d584b076:207
[ 1129904ms] [LOG] i18next::translator: missingKey en-US translation panels.economicCorrelation panels.economicCorrelation @ http://localhost:3000/node_modules/.vite/deps/i18next.js?v=d584b076:207
[ 1129905ms] [LOG] i18next::translator: missingKey en-US translation panels.disasterCorrelation panels.disasterCorrelation @ http://localhost:3000/node_modules/.vite/deps/i18next.js?v=d584b076:207
[ 1129905ms] [LOG] i18next::translator: missingKey en-US translation panels.chatAnalyst panels.chatAnalyst @ http://localhost:3000/node_modules/.vite/deps/i18next.js?v=d584b076:207
[ 1129905ms] [LOG] i18next::translator: missingKey en-US translation panels.diseaseOutbreaks panels.diseaseOutbreaks @ http://localhost:3000/node_modules/.vite/deps/i18next.js?v=d584b076:207
[ 1129905ms] [LOG] i18next::translator: missingKey en-US translation panels.socialVelocity panels.socialVelocity @ http://localhost:3000/node_modules/.vite/deps/i18next.js?v=d584b076:207
[ 1129905ms] [LOG] i18next::translator: missingKey en-US translation panels.defensePatents panels.defensePatents @ http://localhost:3000/node_modules/.vite/deps/i18next.js?v=d584b076:207
[ 1129905ms] [LOG] i18next::translator: missingKey en-US translation panels.radiationWatch panels.radiationWatch @ http://localhost:3000/node_modules/.vite/deps/i18next.js?v=d584b076:207
[ 1129905ms] [LOG] i18next::translator: missingKey en-US translation panels.thermalEscalation panels.thermalEscalation @ http://localhost:3000/node_modules/.vite/deps/i18next.js?v=d584b076:207
[ 1129905ms] [LOG] i18next::translator: missingKey en-US translation panels.nationalDebt panels.nationalDebt @ http://localhost:3000/node_modules/.vite/deps/i18next.js?v=d584b076:207
[ 1129905ms] [LOG] i18next::translator: missingKey en-US translation panels.crossSourceSignals panels.crossSourceSignals @ http://localhost:3000/node_modules/.vite/deps/i18next.js?v=d584b076:207
[ 1129905ms] [LOG] i18next::translator: missingKey en-US translation panels.regionalIntelligence panels.regionalIntelligence @ http://localhost:3000/node_modules/.vite/deps/i18next.js?v=d584b076:207
[ 1130014ms] [ERROR] Failed to load resource: the server responded with a status of 404 (Not Found) @ http://localhost:3000/api/health/v1/list-disease-outbreaks:0
[ 1130014ms] [ERROR] Failed to load resource: the server responded with a status of 503 (Service Unavailable) @ http://localhost:3000/api/gpsjam:0
[ 1130046ms] [ERROR] [App] Telegram intel fetch failed: SyntaxError: Unexpected token 'i', "import { g"... is not valid JSON @ http://localhost:3000/src/app/data-loader.ts:2939
[ 1130053ms] [ERROR] Failed to load resource: the server responded with a status of 404 (Not Found) @ http://localhost:3000/api/radiation/v1/list-radiation-observations?max_items=18:0
[ 1130053ms] [ERROR] Failed to load resource: the server responded with a status of 404 (Not Found) @ http://localhost:3000/api/thermal/v1/list-thermal-escalations?max_items=12:0
[ 1130054ms] [ERROR] [App] Telegram intel fetch failed: SyntaxError: Unexpected token 'i', "import { g"... is not valid JSON @ http://localhost:3000/src/app/data-loader.ts:2939
[ 1130061ms] [ERROR] [NWS Weather] Failed: SyntaxError: Unexpected token 'i', "import { g"... is not valid JSON @ http://localhost:3000/src/utils/circuit-breaker.ts:298
[ 1130062ms] [ERROR] [Polymarket] Failed: Error: No markets returned — upstream may be down @ http://localhost:3000/src/utils/circuit-breaker.ts:298
[ 1130062ms] [ERROR] [Military Flight Tracking] Failed: Error: No flights returned — upstream may be down @ http://localhost:3000/src/utils/circuit-breaker.ts:298
[ 1130062ms] [ERROR] [Radiation Watch] Failed: ApiError: Request failed with status 404 @ http://localhost:3000/src/utils/circuit-breaker.ts:298
[ 1130062ms] [ERROR] [Thermal Escalation] Failed: ApiError: Request failed with status 404 @ http://localhost:3000/src/utils/circuit-breaker.ts:298
[ 1130070ms] [ERROR] Failed to load resource: the server responded with a status of 404 (Not Found) @ http://localhost:3000/api/forecast/v1/get-simulation-outcome:0
[ 1130070ms] [ERROR] Failed to load resource: the server responded with a status of 404 (Not Found) @ http://localhost:3000/api/forecast/v1/get-forecasts:0
[ 1130072ms] [WARNING] [clerk] getClerkToken: no session (clerkInstance=false, user=false) @ http://localhost:3000/src/services/clerk.ts:127
[ 1130092ms] [ERROR] Failed to load resource: the server responded with a status of 404 (Not Found) @ http://localhost:3000/api/sanctions/v1/list-sanctions-pressure?max_items=30:0
[ 1130092ms] [ERROR] [Sanctions Pressure] Failed: ApiError: Request failed with status 404 @ http://localhost:3000/src/utils/circuit-breaker.ts:298
