[      -6ms] [ERROR] Executing inline script violates the following Content Security Policy directive 'script-src 'self' 'sha256-LnMFPWZxTgVOr2VYwIh9mhQ3l/l3+a3SfNOLERnuHfY=' 'sha256-4Z2xtr1B9QQugoojE/nbpOViG+8l2B7CZVlKgC78AeQ=' 'sha256-903UI9my1I7mqHoiVeZSc56yd50YoRJTB2269QqL76w=' 'sha256-EytE6o1N8rwzpVFMrF+WvBZr2y5UhFLw79o1/4VqS0s=' 'wasm-unsafe-eval' https://www.youtube.com https://static.cloudflareinsights.com https://vercel.live https://challenges.cloudflare.com https://abacus.worldmonitor.app https://*.clerk.accounts.dev https://*.dodopayments.com https://js.stripe.com'. Either the 'unsafe-inline' keyword, a hash ('sha256-LuDp9a6YTEBu5grwJa/9mHs7S0Q6G43hE6XZCsokUPQ='), or a nonce ('nonce-...') is required to enable inline execution. The action has been blocked. @ http://localhost:3001/:124
[   15149ms] [ERROR] [feeds] DEFAULT_ENABLED name "Breaking Defense" not found in FULL_FEEDS! @ http://localhost:3001/src/config/feeds.ts:1173
[   15149ms] [LOG] [feeds] 107 unique default-enabled sources / 204 total @ http://localhost:3001/src/config/feeds.ts:1175
[   15259ms] [WARNING] THREE.THREE.Clock: This module has been deprecated. Please use THREE.Timer instead. @ http://localhost:3001/node_modules/.vite/deps/chunk-JENIRZW7.js?v=d584b076:296
[   15264ms] [ERROR] Loading the script 'https://va.vercel-scripts.com/v1/script.debug.js' violates the following Content Security Policy directive: "script-src 'self' 'sha256-LnMFPWZxTgVOr2VYwIh9mhQ3l/l3+a3SfNOLERnuHfY=' 'sha256-4Z2xtr1B9QQugoojE/nbpOViG+8l2B7CZVlKgC78AeQ=' 'sha256-903UI9my1I7mqHoiVeZSc56yd50YoRJTB2269QqL76w=' 'sha256-EytE6o1N8rwzpVFMrF+WvBZr2y5UhFLw79o1/4VqS0s=' 'wasm-unsafe-eval' https://www.youtube.com https://static.cloudflareinsights.com https://vercel.live https://challenges.cloudflare.com https://abacus.worldmonitor.app https://*.clerk.accounts.dev https://*.dodopayments.com https://js.stripe.com". Note that 'script-src-elem' was not explicitly set, so 'script-src' is used as a fallback. The action has been blocked. @ http://localhost:3001/node_modules/.vite/deps/@vercel_analytics.js?v=d584b076:185
[   15265ms] [LOG] [App] Variant check: stored="null", current="indonesia" @ http://localhost:3001/src/App.ts:393
[   15265ms] [LOG] [App] Variant changed - seeding new defaults, disabling cross-variant panels @ http://localhost:3001/src/App.ts:395
[   15267ms] [LOG] [entitlements] No VITE_CONVEX_URL — skipping Convex subscription @ http://localhost:3001/src/services/entitlements.ts:11
[   15267ms] [WARNING] [billing] No VITE_CONVEX_URL -- skipping subscription watch @ http://localhost:3001/src/services/billing.ts:19
[   15274ms] [LOG] [Vercel Web Analytics] Failed to load script from https://va.vercel-scripts.com/v1/script.debug.js. Please check if any ad blockers are enabled and try again. @ http://localhost:3001/node_modules/.vite/deps/@vercel_analytics.js?v=d584b076:181
[   15327ms] [ERROR] The script has an unsupported MIME type ('text/html'). @ :0
[   15327ms] [INFO] 🌐 i18next is made possible by our own product, Locize — consider powering your project with managed localization (AI, CDN, integrations): https://locize.com 💙 @ http://localhost:3001/node_modules/.vite/deps/i18next.js?v=d584b076:1803
[   15329ms] [LOG] i18next: languageChanged en-US @ http://localhost:3001/node_modules/.vite/deps/i18next.js?v=d584b076:207
[   15329ms] [LOG] i18next: initialized {debug: true, initAsync: true, ns: Array(1), defaultNS: Array(1), fallbackLng: Array(1)} @ http://localhost:3001/node_modules/.vite/deps/i18next.js?v=d584b076:207
[   15331ms] [WARNING] [PWA] Service worker registration failed: SecurityError: Failed to register a ServiceWorker for scope ('http://localhost:3001/') with script ('http://localhost:3001/sw.js'): The script has an unsupported MIME type ('text/html'). @ http://localhost:3001/src/main.ts:564
[   15338ms] [WARNING] [clerk] VITE_CLERK_PUBLISHABLE_KEY not set, auth disabled @ http://localhost:3001/src/services/clerk.ts:62
[   15356ms] [LOG] [MapContainer] Initializing deck.gl map (desktop mode) @ http://localhost:3001/src/components/MapContainer.ts:110
[   15380ms] [LOG] i18next::translator: missingKey en-US translation components.deckgl.layers.commodityPorts components.deckgl.layers.commodityPorts @ http://localhost:3001/node_modules/.vite/deps/i18next.js?v=d584b076:207
[   15380ms] [LOG] i18next::translator: missingKey en-US translation components.deckgl.layers.webcams components.deckgl.layers.webcams @ http://localhost:3001/node_modules/.vite/deps/i18next.js?v=d584b076:207
[   15380ms] [LOG] i18next::translator: missingKey en-US translation components.deckgl.layers.miningSites components.deckgl.layers.miningSites @ http://localhost:3001/node_modules/.vite/deps/i18next.js?v=d584b076:207
[   15380ms] [LOG] i18next::translator: missingKey en-US translation components.deckgl.layers.processingPlants components.deckgl.layers.processingPlants @ http://localhost:3001/node_modules/.vite/deps/i18next.js?v=d584b076:207
[   15380ms] [LOG] i18next::translator: missingKey en-US translation components.deckgl.layers.resilienceScore components.deckgl.layers.resilienceScore @ http://localhost:3001/node_modules/.vite/deps/i18next.js?v=d584b076:207
[   15381ms] [LOG] i18next::translator: missingKey en-US translation components.deckgl.layers.diseaseOutbreaks components.deckgl.layers.diseaseOutbreaks @ http://localhost:3001/node_modules/.vite/deps/i18next.js?v=d584b076:207
[   15381ms] [LOG] i18next::translator: missingKey en-US translation components.deckgl.layers.sanctions components.deckgl.layers.sanctions @ http://localhost:3001/node_modules/.vite/deps/i18next.js?v=d584b076:207
[   15384ms] [LOG] i18next::translator: missingKey en-US translation panels.cctvIpStream.infoTooltip panels.cctvIpStream.infoTooltip @ http://localhost:3001/node_modules/.vite/deps/i18next.js?v=d584b076:207
[   15420ms] [LOG] i18next::translator: missingKey en-US translation panels.disasters panels.disasters @ http://localhost:3001/node_modules/.vite/deps/i18next.js?v=d584b076:207
[   15420ms] [LOG] i18next::translator: missingKey en-US translation panels.positiveFeed panels.positiveFeed @ http://localhost:3001/node_modules/.vite/deps/i18next.js?v=d584b076:207
[   15420ms] [LOG] i18next::translator: missingKey en-US translation panels.progress panels.progress @ http://localhost:3001/node_modules/.vite/deps/i18next.js?v=d584b076:207
[   15420ms] [LOG] i18next::translator: missingKey en-US translation panels.counters panels.counters @ http://localhost:3001/node_modules/.vite/deps/i18next.js?v=d584b076:207
[   15420ms] [LOG] i18next::translator: missingKey en-US translation panels.spotlight panels.spotlight @ http://localhost:3001/node_modules/.vite/deps/i18next.js?v=d584b076:207
[   15421ms] [LOG] i18next::translator: missingKey en-US translation panels.breakthroughs panels.breakthroughs @ http://localhost:3001/node_modules/.vite/deps/i18next.js?v=d584b076:207
[   15421ms] [LOG] i18next::translator: missingKey en-US translation panels.digest panels.digest @ http://localhost:3001/node_modules/.vite/deps/i18next.js?v=d584b076:207
[   15421ms] [LOG] i18next::translator: missingKey en-US translation panels.species panels.species @ http://localhost:3001/node_modules/.vite/deps/i18next.js?v=d584b076:207
[   15421ms] [LOG] i18next::translator: missingKey en-US translation panels.renewable panels.renewable @ http://localhost:3001/node_modules/.vite/deps/i18next.js?v=d584b076:207
[   15421ms] [LOG] i18next::translator: missingKey en-US translation panels.commodityNews panels.commodityNews @ http://localhost:3001/node_modules/.vite/deps/i18next.js?v=d584b076:207
[   15421ms] [LOG] i18next::translator: missingKey en-US translation panels.liquidityShifts panels.liquidityShifts @ http://localhost:3001/node_modules/.vite/deps/i18next.js?v=d584b076:207
[   15421ms] [LOG] i18next::translator: missingKey en-US translation panels.positioning-247 panels.positioning-247 @ http://localhost:3001/node_modules/.vite/deps/i18next.js?v=d584b076:207
[   15421ms] [LOG] i18next::translator: missingKey en-US translation panels.goldSilver panels.goldSilver @ http://localhost:3001/node_modules/.vite/deps/i18next.js?v=d584b076:207
[   15421ms] [LOG] i18next::translator: missingKey en-US translation panels.miningNews panels.miningNews @ http://localhost:3001/node_modules/.vite/deps/i18next.js?v=d584b076:207
[   15421ms] [LOG] i18next::translator: missingKey en-US translation panels.criticalMinerals panels.criticalMinerals @ http://localhost:3001/node_modules/.vite/deps/i18next.js?v=d584b076:207
[   15421ms] [LOG] i18next::translator: missingKey en-US translation panels.baseMetals panels.baseMetals @ http://localhost:3001/node_modules/.vite/deps/i18next.js?v=d584b076:207
[   15421ms] [LOG] i18next::translator: missingKey en-US translation panels.miningCompanies panels.miningCompanies @ http://localhost:3001/node_modules/.vite/deps/i18next.js?v=d584b076:207
[   15421ms] [LOG] i18next::translator: missingKey en-US translation panels.commodityRegulation panels.commodityRegulation @ http://localhost:3001/node_modules/.vite/deps/i18next.js?v=d584b076:207
[   15421ms] [LOG] i18next::translator: missingKey en-US translation panels.pipelineStatus panels.pipelineStatus @ http://localhost:3001/node_modules/.vite/deps/i18next.js?v=d584b076:207
[   15421ms] [LOG] i18next::translator: missingKey en-US translation panels.sanctionsPressure panels.sanctionsPressure @ http://localhost:3001/node_modules/.vite/deps/i18next.js?v=d584b076:207
[   15421ms] [LOG] i18next::translator: missingKey en-US translation panels.worldClock panels.worldClock @ http://localhost:3001/node_modules/.vite/deps/i18next.js?v=d584b076:207
[   15421ms] [LOG] i18next::translator: missingKey en-US translation panels.latestBrief panels.latestBrief @ http://localhost:3001/node_modules/.vite/deps/i18next.js?v=d584b076:207
[   15421ms] [LOG] i18next::translator: missingKey en-US translation panels.energyRiskOverview panels.energyRiskOverview @ http://localhost:3001/node_modules/.vite/deps/i18next.js?v=d584b076:207
[   15421ms] [LOG] i18next::translator: missingKey en-US translation panels.chokepointStrip panels.chokepointStrip @ http://localhost:3001/node_modules/.vite/deps/i18next.js?v=d584b076:207
[   15422ms] [LOG] i18next::translator: missingKey en-US translation panels.storageFacilityMap panels.storageFacilityMap @ http://localhost:3001/node_modules/.vite/deps/i18next.js?v=d584b076:207
[   15422ms] [LOG] i18next::translator: missingKey en-US translation panels.fuelShortages panels.fuelShortages @ http://localhost:3001/node_modules/.vite/deps/i18next.js?v=d584b076:207
[   15422ms] [LOG] i18next::translator: missingKey en-US translation panels.energyDisruptions panels.energyDisruptions @ http://localhost:3001/node_modules/.vite/deps/i18next.js?v=d584b076:207
[   15422ms] [LOG] i18next::translator: missingKey en-US translation panels.hormuzTracker panels.hormuzTracker @ http://localhost:3001/node_modules/.vite/deps/i18next.js?v=d584b076:207
[   15422ms] [LOG] i18next::translator: missingKey en-US translation panels.aiRegulation panels.aiRegulation @ http://localhost:3001/node_modules/.vite/deps/i18next.js?v=d584b076:207
[   15422ms] [LOG] i18next::translator: missingKey en-US translation panels.stockAnalysis panels.stockAnalysis @ http://localhost:3001/node_modules/.vite/deps/i18next.js?v=d584b076:207
[   15422ms] [LOG] i18next::translator: missingKey en-US translation panels.stockBacktest panels.stockBacktest @ http://localhost:3001/node_modules/.vite/deps/i18next.js?v=d584b076:207
[   15422ms] [LOG] i18next::translator: missingKey en-US translation panels.dailyMarketBrief panels.dailyMarketBrief @ http://localhost:3001/node_modules/.vite/deps/i18next.js?v=d584b076:207
[   15422ms] [LOG] i18next::translator: missingKey en-US translation panels.marketsNews panels.marketsNews @ http://localhost:3001/node_modules/.vite/deps/i18next.js?v=d584b076:207
[   15422ms] [LOG] i18next::translator: missingKey en-US translation panels.forex panels.forex @ http://localhost:3001/node_modules/.vite/deps/i18next.js?v=d584b076:207
[   15422ms] [LOG] i18next::translator: missingKey en-US translation panels.bonds panels.bonds @ http://localhost:3001/node_modules/.vite/deps/i18next.js?v=d584b076:207
[   15422ms] [LOG] i18next::translator: missingKey en-US translation panels.commoditiesNews panels.commoditiesNews @ http://localhost:3001/node_modules/.vite/deps/i18next.js?v=d584b076:207
[   15422ms] [LOG] i18next::translator: missingKey en-US translation panels.cryptoNews panels.cryptoNews @ http://localhost:3001/node_modules/.vite/deps/i18next.js?v=d584b076:207
[   15422ms] [LOG] i18next::translator: missingKey en-US translation panels.cryptoHeatmap panels.cryptoHeatmap @ http://localhost:3001/node_modules/.vite/deps/i18next.js?v=d584b076:207
[   15422ms] [LOG] i18next::translator: missingKey en-US translation panels.defiTokens panels.defiTokens @ http://localhost:3001/node_modules/.vite/deps/i18next.js?v=d584b076:207
[   15422ms] [LOG] i18next::translator: missingKey en-US translation panels.aiTokens panels.aiTokens @ http://localhost:3001/node_modules/.vite/deps/i18next.js?v=d584b076:207
[   15423ms] [LOG] i18next::translator: missingKey en-US translation panels.otherTokens panels.otherTokens @ http://localhost:3001/node_modules/.vite/deps/i18next.js?v=d584b076:207
[   15423ms] [LOG] i18next::translator: missingKey en-US translation panels.centralbanks panels.centralbanks @ http://localhost:3001/node_modules/.vite/deps/i18next.js?v=d584b076:207
[   15423ms] [LOG] i18next::translator: missingKey en-US translation panels.economicNews panels.economicNews @ http://localhost:3001/node_modules/.vite/deps/i18next.js?v=d584b076:207
[   15423ms] [LOG] i18next::translator: missingKey en-US translation panels.macroTiles panels.macroTiles @ http://localhost:3001/node_modules/.vite/deps/i18next.js?v=d584b076:207
[   15423ms] [LOG] i18next::translator: missingKey en-US translation panels.aaiiSentiment panels.aaiiSentiment @ http://localhost:3001/node_modules/.vite/deps/i18next.js?v=d584b076:207
[   15423ms] [LOG] i18next::translator: missingKey en-US translation panels.fsi panels.fsi @ http://localhost:3001/node_modules/.vite/deps/i18next.js?v=d584b076:207
[   15423ms] [LOG] i18next::translator: missingKey en-US translation panels.yieldCurve panels.yieldCurve @ http://localhost:3001/node_modules/.vite/deps/i18next.js?v=d584b076:207
[   15423ms] [LOG] i18next::translator: missingKey en-US translation panels.earningsCalendar panels.earningsCalendar @ http://localhost:3001/node_modules/.vite/deps/i18next.js?v=d584b076:207
[   15423ms] [LOG] i18next::translator: missingKey en-US translation panels.economicCalendar panels.economicCalendar @ http://localhost:3001/node_modules/.vite/deps/i18next.js?v=d584b076:207
[   15423ms] [LOG] i18next::translator: missingKey en-US translation panels.cotPositioning panels.cotPositioning @ http://localhost:3001/node_modules/.vite/deps/i18next.js?v=d584b076:207
[   15423ms] [LOG] i18next::translator: missingKey en-US translation panels.derivatives panels.derivatives @ http://localhost:3001/node_modules/.vite/deps/i18next.js?v=d584b076:207
[   15423ms] [LOG] i18next::translator: missingKey en-US translation panels.fintech panels.fintech @ http://localhost:3001/node_modules/.vite/deps/i18next.js?v=d584b076:207
[   15423ms] [LOG] i18next::translator: missingKey en-US translation panels.institutional panels.institutional @ http://localhost:3001/node_modules/.vite/deps/i18next.js?v=d584b076:207
[   15423ms] [LOG] i18next::translator: missingKey en-US translation panels.analysis panels.analysis @ http://localhost:3001/node_modules/.vite/deps/i18next.js?v=d584b076:207
[   15423ms] [LOG] i18next::translator: missingKey en-US translation panels.gccNews panels.gccNews @ http://localhost:3001/node_modules/.vite/deps/i18next.js?v=d584b076:207
[   15423ms] [LOG] i18next::translator: missingKey en-US translation panels.forecast panels.forecast @ http://localhost:3001/node_modules/.vite/deps/i18next.js?v=d584b076:207
[   15423ms] [LOG] i18next::translator: missingKey en-US translation panels.militaryCorrelation panels.militaryCorrelation @ http://localhost:3001/node_modules/.vite/deps/i18next.js?v=d584b076:207
[   15423ms] [LOG] i18next::translator: missingKey en-US translation panels.escalationCorrelation panels.escalationCorrelation @ http://localhost:3001/node_modules/.vite/deps/i18next.js?v=d584b076:207
[   15423ms] [LOG] i18next::translator: missingKey en-US translation panels.economicCorrelation panels.economicCorrelation @ http://localhost:3001/node_modules/.vite/deps/i18next.js?v=d584b076:207
[   15424ms] [LOG] i18next::translator: missingKey en-US translation panels.disasterCorrelation panels.disasterCorrelation @ http://localhost:3001/node_modules/.vite/deps/i18next.js?v=d584b076:207
[   15424ms] [LOG] i18next::translator: missingKey en-US translation panels.chatAnalyst panels.chatAnalyst @ http://localhost:3001/node_modules/.vite/deps/i18next.js?v=d584b076:207
[   15424ms] [LOG] i18next::translator: missingKey en-US translation panels.diseaseOutbreaks panels.diseaseOutbreaks @ http://localhost:3001/node_modules/.vite/deps/i18next.js?v=d584b076:207
[   15424ms] [LOG] i18next::translator: missingKey en-US translation panels.socialVelocity panels.socialVelocity @ http://localhost:3001/node_modules/.vite/deps/i18next.js?v=d584b076:207
[   15424ms] [LOG] i18next::translator: missingKey en-US translation panels.defensePatents panels.defensePatents @ http://localhost:3001/node_modules/.vite/deps/i18next.js?v=d584b076:207
[   15424ms] [LOG] i18next::translator: missingKey en-US translation panels.radiationWatch panels.radiationWatch @ http://localhost:3001/node_modules/.vite/deps/i18next.js?v=d584b076:207
[   15424ms] [LOG] i18next::translator: missingKey en-US translation panels.thermalEscalation panels.thermalEscalation @ http://localhost:3001/node_modules/.vite/deps/i18next.js?v=d584b076:207
[   15424ms] [LOG] i18next::translator: missingKey en-US translation panels.nationalDebt panels.nationalDebt @ http://localhost:3001/node_modules/.vite/deps/i18next.js?v=d584b076:207
[   15424ms] [LOG] i18next::translator: missingKey en-US translation panels.crossSourceSignals panels.crossSourceSignals @ http://localhost:3001/node_modules/.vite/deps/i18next.js?v=d584b076:207
[   15424ms] [LOG] i18next::translator: missingKey en-US translation panels.regionalIntelligence panels.regionalIntelligence @ http://localhost:3001/node_modules/.vite/deps/i18next.js?v=d584b076:207
[   15560ms] [WARNING] Image "circle-11" could not be loaded. Please make sure you have added the image with map.addImage() or a "sprite" property in your style. You can provide missing images by listening for the "styleimagemissing" map event. @ http://localhost:3001/node_modules/.vite/deps/maplibre-gl.js?v=d584b076:312
[   15752ms] [WARNING] [clerk] getClerkToken: no session (clerkInstance=false, user=false) @ http://localhost:3001/src/services/clerk.ts:127
[   15851ms] [ERROR] Failed to load resource: the server responded with a status of 404 (Not Found) @ http://localhost:3001/api/health/v1/list-disease-outbreaks:0
[   15852ms] [ERROR] Failed to load resource: the server responded with a status of 503 (Service Unavailable) @ http://localhost:3001/api/gpsjam:0
[   15862ms] [ERROR] [App] Telegram intel fetch failed: SyntaxError: Unexpected token 'i', "import { g"... is not valid JSON @ http://localhost:3001/src/app/data-loader.ts:2939
[   15870ms] [ERROR] [Polymarket] Failed: Error: No markets returned — upstream may be down @ http://localhost:3001/src/utils/circuit-breaker.ts:298
[   15886ms] [ERROR] [Military Flight Tracking] Failed: Error: No flights returned — upstream may be down @ http://localhost:3001/src/utils/circuit-breaker.ts:298
[   15903ms] [ERROR] Failed to load resource: the server responded with a status of 404 (Not Found) @ http://localhost:3001/api/radiation/v1/list-radiation-observations?max_items=18:0
[   15903ms] [ERROR] [Radiation Watch] Failed: ApiError: Request failed with status 404 @ http://localhost:3001/src/utils/circuit-breaker.ts:298
[   15905ms] [ERROR] Failed to load resource: the server responded with a status of 404 (Not Found) @ http://localhost:3001/api/thermal/v1/list-thermal-escalations?max_items=12:0
[   15905ms] [ERROR] [Thermal Escalation] Failed: ApiError: Request failed with status 404 @ http://localhost:3001/src/utils/circuit-breaker.ts:298
[   15907ms] [ERROR] [NWS Weather] Failed: SyntaxError: Unexpected token 'i', "import { g"... is not valid JSON @ http://localhost:3001/src/utils/circuit-breaker.ts:298
[   15919ms] [ERROR] Failed to load resource: the server responded with a status of 404 (Not Found) @ http://localhost:3001/api/sanctions/v1/list-sanctions-pressure?max_items=30:0
[   15919ms] [ERROR] [Sanctions Pressure] Failed: ApiError: Request failed with status 404 @ http://localhost:3001/src/utils/circuit-breaker.ts:298
[   15986ms] [ERROR] [App] Telegram intel fetch failed: SyntaxError: Unexpected token 'i', "import { g"... is not valid JSON @ http://localhost:3001/src/app/data-loader.ts:2939
[   15987ms] [ERROR] Failed to load resource: the server responded with a status of 404 (Not Found) @ http://localhost:3001/api/forecast/v1/get-simulation-outcome:0
[   15987ms] [ERROR] Failed to load resource: the server responded with a status of 404 (Not Found) @ http://localhost:3001/api/forecast/v1/get-forecasts:0
[   19450ms] [LOG] [Intelligence] All signals loaded for CII calculation @ http://localhost:3001/src/app/data-loader.ts:1966
[   23727ms] [WARNING] [News] Digest fetch failed, using fallback: TimeoutError: signal timed out @ http://localhost:3001/src/app/data-loader.ts:304
[   23729ms] [WARNING] [News] Digest missing for "politics", limited per-feed fallback disabled @ http://localhost:3001/src/app/data-loader.ts:848
[   23729ms] [WARNING] [News] Digest missing for "gov", limited per-feed fallback disabled @ http://localhost:3001/src/app/data-loader.ts:848
[   23730ms] [WARNING] [News] Digest missing for "markets", limited per-feed fallback disabled @ http://localhost:3001/src/app/data-loader.ts:848
[   23730ms] [WARNING] [News] Digest missing for "tech", limited per-feed fallback disabled @ http://localhost:3001/src/app/data-loader.ts:848
[   23730ms] [WARNING] [News] Digest missing for "disasters", limited per-feed fallback disabled @ http://localhost:3001/src/app/data-loader.ts:848
[   23730ms] [WARNING] [News] Digest missing for "commodities", limited per-feed fallback disabled @ http://localhost:3001/src/app/data-loader.ts:848
[   25545ms] [LOG] [Search] Indexing 0 news items (allNews total: 0) @ http://localhost:3001/src/app/search-manager.ts:690
[   61130ms] [LOG] i18next::translator: missingKey en-US translation webcams.expand webcams.expand @ http://localhost:3001/node_modules/.vite/deps/i18next.js?v=d584b076:207
[   61130ms] [LOG] i18next::translator: missingKey en-US translation common.remove common.remove @ http://localhost:3001/node_modules/.vite/deps/i18next.js?v=d584b076:207
[   61130ms] [LOG] i18next::translator: missingKey en-US translation webcams.expand webcams.expand @ http://localhost:3001/node_modules/.vite/deps/i18next.js?v=d584b076:207
[   61130ms] [LOG] i18next::translator: missingKey en-US translation common.remove common.remove @ http://localhost:3001/node_modules/.vite/deps/i18next.js?v=d584b076:207
[   61130ms] [LOG] i18next::translator: missingKey en-US translation webcams.expand webcams.expand @ http://localhost:3001/node_modules/.vite/deps/i18next.js?v=d584b076:207
[   61130ms] [LOG] i18next::translator: missingKey en-US translation common.remove common.remove @ http://localhost:3001/node_modules/.vite/deps/i18next.js?v=d584b076:207
[   61130ms] [LOG] i18next::translator: missingKey en-US translation webcams.expand webcams.expand @ http://localhost:3001/node_modules/.vite/deps/i18next.js?v=d584b076:207
[   61131ms] [LOG] i18next::translator: missingKey en-US translation common.remove common.remove @ http://localhost:3001/node_modules/.vite/deps/i18next.js?v=d584b076:207
[   61347ms] [LOG] i18next::translator: missingKey en-US translation common.remove common.remove @ http://localhost:3001/node_modules/.vite/deps/i18next.js?v=d584b076:207
[   61676ms] [LOG] i18next::translator: missingKey en-US translation common.remove common.remove @ http://localhost:3001/node_modules/.vite/deps/i18next.js?v=d584b076:207
[   62223ms] [LOG] i18next::translator: missingKey en-US translation common.remove common.remove @ http://localhost:3001/node_modules/.vite/deps/i18next.js?v=d584b076:207
[   62688ms] [LOG] i18next::translator: missingKey en-US translation common.remove common.remove @ http://localhost:3001/node_modules/.vite/deps/i18next.js?v=d584b076:207
[  139437ms] [LOG] i18next::translator: missingKey en-US translation webcams.expand webcams.expand @ http://localhost:3001/node_modules/.vite/deps/i18next.js?v=d584b076:207
[  139437ms] [LOG] i18next::translator: missingKey en-US translation common.remove common.remove @ http://localhost:3001/node_modules/.vite/deps/i18next.js?v=d584b076:207
[  139438ms] [LOG] i18next::translator: missingKey en-US translation webcams.expand webcams.expand @ http://localhost:3001/node_modules/.vite/deps/i18next.js?v=d584b076:207
[  139438ms] [LOG] i18next::translator: missingKey en-US translation common.remove common.remove @ http://localhost:3001/node_modules/.vite/deps/i18next.js?v=d584b076:207
[  139438ms] [LOG] i18next::translator: missingKey en-US translation webcams.expand webcams.expand @ http://localhost:3001/node_modules/.vite/deps/i18next.js?v=d584b076:207
[  139438ms] [LOG] i18next::translator: missingKey en-US translation common.remove common.remove @ http://localhost:3001/node_modules/.vite/deps/i18next.js?v=d584b076:207
[  139438ms] [LOG] i18next::translator: missingKey en-US translation webcams.expand webcams.expand @ http://localhost:3001/node_modules/.vite/deps/i18next.js?v=d584b076:207
[  139438ms] [LOG] i18next::translator: missingKey en-US translation common.remove common.remove @ http://localhost:3001/node_modules/.vite/deps/i18next.js?v=d584b076:207
[  139446ms] [LOG] i18next::translator: missingKey en-US translation common.remove common.remove @ http://localhost:3001/node_modules/.vite/deps/i18next.js?v=d584b076:207
[  139446ms] [LOG] i18next::translator: missingKey en-US translation common.remove common.remove @ http://localhost:3001/node_modules/.vite/deps/i18next.js?v=d584b076:207
[  139446ms] [LOG] i18next::translator: missingKey en-US translation common.remove common.remove @ http://localhost:3001/node_modules/.vite/deps/i18next.js?v=d584b076:207
[  139447ms] [LOG] i18next::translator: missingKey en-US translation common.remove common.remove @ http://localhost:3001/node_modules/.vite/deps/i18next.js?v=d584b076:207
[  140012ms] [LOG] i18next::translator: missingKey en-US translation common.remove common.remove @ http://localhost:3001/node_modules/.vite/deps/i18next.js?v=d584b076:207
[  140039ms] [LOG] i18next::translator: missingKey en-US translation common.remove common.remove @ http://localhost:3001/node_modules/.vite/deps/i18next.js?v=d584b076:207
[  140495ms] [LOG] i18next::translator: missingKey en-US translation common.remove common.remove @ http://localhost:3001/node_modules/.vite/deps/i18next.js?v=d584b076:207
[  140984ms] [LOG] i18next::translator: missingKey en-US translation common.remove common.remove @ http://localhost:3001/node_modules/.vite/deps/i18next.js?v=d584b076:207
[  160604ms] [LOG] i18next::translator: missingKey en-US translation webcams.expand webcams.expand @ http://localhost:3001/node_modules/.vite/deps/i18next.js?v=d584b076:207
[  160604ms] [LOG] i18next::translator: missingKey en-US translation common.remove common.remove @ http://localhost:3001/node_modules/.vite/deps/i18next.js?v=d584b076:207
[  160604ms] [LOG] i18next::translator: missingKey en-US translation webcams.expand webcams.expand @ http://localhost:3001/node_modules/.vite/deps/i18next.js?v=d584b076:207
[  160604ms] [LOG] i18next::translator: missingKey en-US translation common.remove common.remove @ http://localhost:3001/node_modules/.vite/deps/i18next.js?v=d584b076:207
[  160604ms] [LOG] i18next::translator: missingKey en-US translation webcams.expand webcams.expand @ http://localhost:3001/node_modules/.vite/deps/i18next.js?v=d584b076:207
[  160604ms] [LOG] i18next::translator: missingKey en-US translation common.remove common.remove @ http://localhost:3001/node_modules/.vite/deps/i18next.js?v=d584b076:207
[  160605ms] [LOG] i18next::translator: missingKey en-US translation webcams.expand webcams.expand @ http://localhost:3001/node_modules/.vite/deps/i18next.js?v=d584b076:207
[  160605ms] [LOG] i18next::translator: missingKey en-US translation common.remove common.remove @ http://localhost:3001/node_modules/.vite/deps/i18next.js?v=d584b076:207
[  160613ms] [LOG] i18next::translator: missingKey en-US translation common.remove common.remove @ http://localhost:3001/node_modules/.vite/deps/i18next.js?v=d584b076:207
[  160613ms] [LOG] i18next::translator: missingKey en-US translation common.remove common.remove @ http://localhost:3001/node_modules/.vite/deps/i18next.js?v=d584b076:207
[  160614ms] [LOG] i18next::translator: missingKey en-US translation common.remove common.remove @ http://localhost:3001/node_modules/.vite/deps/i18next.js?v=d584b076:207
[  160614ms] [LOG] i18next::translator: missingKey en-US translation common.remove common.remove @ http://localhost:3001/node_modules/.vite/deps/i18next.js?v=d584b076:207
[  160665ms] [LOG] i18next::translator: missingKey en-US translation common.remove common.remove @ http://localhost:3001/node_modules/.vite/deps/i18next.js?v=d584b076:207
[  161174ms] [LOG] i18next::translator: missingKey en-US translation common.remove common.remove @ http://localhost:3001/node_modules/.vite/deps/i18next.js?v=d584b076:207
[  161678ms] [LOG] i18next::translator: missingKey en-US translation common.remove common.remove @ http://localhost:3001/node_modules/.vite/deps/i18next.js?v=d584b076:207
[  165181ms] [LOG] i18next::translator: missingKey en-US translation common.remove common.remove @ http://localhost:3001/node_modules/.vite/deps/i18next.js?v=d584b076:207
[  167687ms] [LOG] i18next::translator: missingKey en-US translation webcams.expand webcams.expand @ http://localhost:3001/node_modules/.vite/deps/i18next.js?v=d584b076:207
[  167687ms] [LOG] i18next::translator: missingKey en-US translation common.remove common.remove @ http://localhost:3001/node_modules/.vite/deps/i18next.js?v=d584b076:207
[  167687ms] [LOG] i18next::translator: missingKey en-US translation webcams.expand webcams.expand @ http://localhost:3001/node_modules/.vite/deps/i18next.js?v=d584b076:207
[  167687ms] [LOG] i18next::translator: missingKey en-US translation common.remove common.remove @ http://localhost:3001/node_modules/.vite/deps/i18next.js?v=d584b076:207
[  167687ms] [LOG] i18next::translator: missingKey en-US translation webcams.expand webcams.expand @ http://localhost:3001/node_modules/.vite/deps/i18next.js?v=d584b076:207
[  167688ms] [LOG] i18next::translator: missingKey en-US translation common.remove common.remove @ http://localhost:3001/node_modules/.vite/deps/i18next.js?v=d584b076:207
[  167688ms] [LOG] i18next::translator: missingKey en-US translation webcams.expand webcams.expand @ http://localhost:3001/node_modules/.vite/deps/i18next.js?v=d584b076:207
[  167688ms] [LOG] i18next::translator: missingKey en-US translation common.remove common.remove @ http://localhost:3001/node_modules/.vite/deps/i18next.js?v=d584b076:207
[  167696ms] [LOG] i18next::translator: missingKey en-US translation common.remove common.remove @ http://localhost:3001/node_modules/.vite/deps/i18next.js?v=d584b076:207
[  167696ms] [LOG] i18next::translator: missingKey en-US translation common.remove common.remove @ http://localhost:3001/node_modules/.vite/deps/i18next.js?v=d584b076:207
[  167697ms] [LOG] i18next::translator: missingKey en-US translation common.remove common.remove @ http://localhost:3001/node_modules/.vite/deps/i18next.js?v=d584b076:207
[  167697ms] [LOG] i18next::translator: missingKey en-US translation common.remove common.remove @ http://localhost:3001/node_modules/.vite/deps/i18next.js?v=d584b076:207
[  167776ms] [LOG] i18next::translator: missingKey en-US translation common.remove common.remove @ http://localhost:3001/node_modules/.vite/deps/i18next.js?v=d584b076:207
[  168453ms] [LOG] i18next::translator: missingKey en-US translation webcams.expand webcams.expand @ http://localhost:3001/node_modules/.vite/deps/i18next.js?v=d584b076:207
[  168453ms] [LOG] i18next::translator: missingKey en-US translation common.remove common.remove @ http://localhost:3001/node_modules/.vite/deps/i18next.js?v=d584b076:207
[  168453ms] [LOG] i18next::translator: missingKey en-US translation webcams.expand webcams.expand @ http://localhost:3001/node_modules/.vite/deps/i18next.js?v=d584b076:207
[  168453ms] [LOG] i18next::translator: missingKey en-US translation common.remove common.remove @ http://localhost:3001/node_modules/.vite/deps/i18next.js?v=d584b076:207
[  168453ms] [LOG] i18next::translator: missingKey en-US translation webcams.expand webcams.expand @ http://localhost:3001/node_modules/.vite/deps/i18next.js?v=d584b076:207
[  168453ms] [LOG] i18next::translator: missingKey en-US translation common.remove common.remove @ http://localhost:3001/node_modules/.vite/deps/i18next.js?v=d584b076:207
[  168453ms] [LOG] i18next::translator: missingKey en-US translation webcams.expand webcams.expand @ http://localhost:3001/node_modules/.vite/deps/i18next.js?v=d584b076:207
[  168453ms] [LOG] i18next::translator: missingKey en-US translation common.remove common.remove @ http://localhost:3001/node_modules/.vite/deps/i18next.js?v=d584b076:207
[  168462ms] [LOG] i18next::translator: missingKey en-US translation common.remove common.remove @ http://localhost:3001/node_modules/.vite/deps/i18next.js?v=d584b076:207
[  168463ms] [LOG] i18next::translator: missingKey en-US translation common.remove common.remove @ http://localhost:3001/node_modules/.vite/deps/i18next.js?v=d584b076:207
[  168952ms] [LOG] i18next::translator: missingKey en-US translation common.remove common.remove @ http://localhost:3001/node_modules/.vite/deps/i18next.js?v=d584b076:207
[  169068ms] [LOG] i18next::translator: missingKey en-US translation common.remove common.remove @ http://localhost:3001/node_modules/.vite/deps/i18next.js?v=d584b076:207
[  169069ms] [LOG] i18next::translator: missingKey en-US translation common.remove common.remove @ http://localhost:3001/node_modules/.vite/deps/i18next.js?v=d584b076:207
[  169249ms] [LOG] i18next::translator: missingKey en-US translation common.remove common.remove @ http://localhost:3001/node_modules/.vite/deps/i18next.js?v=d584b076:207
[  169848ms] [LOG] i18next::translator: missingKey en-US translation common.remove common.remove @ http://localhost:3001/node_modules/.vite/deps/i18next.js?v=d584b076:207
[  171296ms] [LOG] i18next::translator: missingKey en-US translation common.remove common.remove @ http://localhost:3001/node_modules/.vite/deps/i18next.js?v=d584b076:207
[  172086ms] [LOG] i18next::translator: missingKey en-US translation webcams.expand webcams.expand @ http://localhost:3001/node_modules/.vite/deps/i18next.js?v=d584b076:207
[  172086ms] [LOG] i18next::translator: missingKey en-US translation common.remove common.remove @ http://localhost:3001/node_modules/.vite/deps/i18next.js?v=d584b076:207
[  172086ms] [LOG] i18next::translator: missingKey en-US translation webcams.expand webcams.expand @ http://localhost:3001/node_modules/.vite/deps/i18next.js?v=d584b076:207
[  172086ms] [LOG] i18next::translator: missingKey en-US translation common.remove common.remove @ http://localhost:3001/node_modules/.vite/deps/i18next.js?v=d584b076:207
[  172086ms] [LOG] i18next::translator: missingKey en-US translation webcams.expand webcams.expand @ http://localhost:3001/node_modules/.vite/deps/i18next.js?v=d584b076:207
[  172086ms] [LOG] i18next::translator: missingKey en-US translation common.remove common.remove @ http://localhost:3001/node_modules/.vite/deps/i18next.js?v=d584b076:207
[  172086ms] [LOG] i18next::translator: missingKey en-US translation webcams.expand webcams.expand @ http://localhost:3001/node_modules/.vite/deps/i18next.js?v=d584b076:207
[  172086ms] [LOG] i18next::translator: missingKey en-US translation common.remove common.remove @ http://localhost:3001/node_modules/.vite/deps/i18next.js?v=d584b076:207
[  172095ms] [LOG] i18next::translator: missingKey en-US translation common.remove common.remove @ http://localhost:3001/node_modules/.vite/deps/i18next.js?v=d584b076:207
[  172095ms] [LOG] i18next::translator: missingKey en-US translation common.remove common.remove @ http://localhost:3001/node_modules/.vite/deps/i18next.js?v=d584b076:207
[  172095ms] [LOG] i18next::translator: missingKey en-US translation common.remove common.remove @ http://localhost:3001/node_modules/.vite/deps/i18next.js?v=d584b076:207
[  172095ms] [LOG] i18next::translator: missingKey en-US translation common.remove common.remove @ http://localhost:3001/node_modules/.vite/deps/i18next.js?v=d584b076:207
[  172952ms] [LOG] i18next::translator: missingKey en-US translation webcams.expand webcams.expand @ http://localhost:3001/node_modules/.vite/deps/i18next.js?v=d584b076:207
[  172952ms] [LOG] i18next::translator: missingKey en-US translation common.remove common.remove @ http://localhost:3001/node_modules/.vite/deps/i18next.js?v=d584b076:207
[  172952ms] [LOG] i18next::translator: missingKey en-US translation webcams.expand webcams.expand @ http://localhost:3001/node_modules/.vite/deps/i18next.js?v=d584b076:207
[  172953ms] [LOG] i18next::translator: missingKey en-US translation common.remove common.remove @ http://localhost:3001/node_modules/.vite/deps/i18next.js?v=d584b076:207
[  172953ms] [LOG] i18next::translator: missingKey en-US translation webcams.expand webcams.expand @ http://localhost:3001/node_modules/.vite/deps/i18next.js?v=d584b076:207
[  172953ms] [LOG] i18next::translator: missingKey en-US translation common.remove common.remove @ http://localhost:3001/node_modules/.vite/deps/i18next.js?v=d584b076:207
[  172953ms] [LOG] i18next::translator: missingKey en-US translation webcams.expand webcams.expand @ http://localhost:3001/node_modules/.vite/deps/i18next.js?v=d584b076:207
[  172953ms] [LOG] i18next::translator: missingKey en-US translation common.remove common.remove @ http://localhost:3001/node_modules/.vite/deps/i18next.js?v=d584b076:207
[  172961ms] [LOG] i18next::translator: missingKey en-US translation common.remove common.remove @ http://localhost:3001/node_modules/.vite/deps/i18next.js?v=d584b076:207
[  172962ms] [LOG] i18next::translator: missingKey en-US translation common.remove common.remove @ http://localhost:3001/node_modules/.vite/deps/i18next.js?v=d584b076:207
[  175509ms] [LOG] i18next::translator: missingKey en-US translation common.remove common.remove @ http://localhost:3001/node_modules/.vite/deps/i18next.js?v=d584b076:207
[  175509ms] [LOG] i18next::translator: missingKey en-US translation common.remove common.remove @ http://localhost:3001/node_modules/.vite/deps/i18next.js?v=d584b076:207
[  175556ms] [LOG] i18next::translator: missingKey en-US translation common.remove common.remove @ http://localhost:3001/node_modules/.vite/deps/i18next.js?v=d584b076:207
[  175607ms] [LOG] i18next::translator: missingKey en-US translation common.remove common.remove @ http://localhost:3001/node_modules/.vite/deps/i18next.js?v=d584b076:207
[  175648ms] [LOG] i18next::translator: missingKey en-US translation common.remove common.remove @ http://localhost:3001/node_modules/.vite/deps/i18next.js?v=d584b076:207
[  175679ms] [LOG] i18next::translator: missingKey en-US translation common.remove common.remove @ http://localhost:3001/node_modules/.vite/deps/i18next.js?v=d584b076:207
[  175679ms] [LOG] i18next::translator: missingKey en-US translation common.remove common.remove @ http://localhost:3001/node_modules/.vite/deps/i18next.js?v=d584b076:207
[  175679ms] [LOG] i18next::translator: missingKey en-US translation common.remove common.remove @ http://localhost:3001/node_modules/.vite/deps/i18next.js?v=d584b076:207
[  175679ms] [LOG] i18next::translator: missingKey en-US translation common.remove common.remove @ http://localhost:3001/node_modules/.vite/deps/i18next.js?v=d584b076:207
[  176731ms] [LOG] i18next::translator: missingKey en-US translation common.remove common.remove @ http://localhost:3001/node_modules/.vite/deps/i18next.js?v=d584b076:207
[  178062ms] [LOG] i18next::translator: missingKey en-US translation common.remove common.remove @ http://localhost:3001/node_modules/.vite/deps/i18next.js?v=d584b076:207
[  179867ms] [LOG] i18next::translator: missingKey en-US translation common.remove common.remove @ http://localhost:3001/node_modules/.vite/deps/i18next.js?v=d584b076:207
[  183086ms] [LOG] i18next::translator: missingKey en-US translation common.remove common.remove @ http://localhost:3001/node_modules/.vite/deps/i18next.js?v=d584b076:207
[  190620ms] [LOG] i18next::translator: missingKey en-US translation common.remove common.remove @ http://localhost:3001/node_modules/.vite/deps/i18next.js?v=d584b076:207
[  204929ms] [ERROR] Executing inline script violates the following Content Security Policy directive 'script-src 'self' 'sha256-LnMFPWZxTgVOr2VYwIh9mhQ3l/l3+a3SfNOLERnuHfY=' 'sha256-4Z2xtr1B9QQugoojE/nbpOViG+8l2B7CZVlKgC78AeQ=' 'sha256-903UI9my1I7mqHoiVeZSc56yd50YoRJTB2269QqL76w=' 'sha256-EytE6o1N8rwzpVFMrF+WvBZr2y5UhFLw79o1/4VqS0s=' 'wasm-unsafe-eval' https://www.youtube.com https://static.cloudflareinsights.com https://vercel.live https://challenges.cloudflare.com https://abacus.worldmonitor.app https://*.clerk.accounts.dev https://*.dodopayments.com https://js.stripe.com'. Either the 'unsafe-inline' keyword, a hash ('sha256-LuDp9a6YTEBu5grwJa/9mHs7S0Q6G43hE6XZCsokUPQ='), or a nonce ('nonce-...') is required to enable inline execution. The action has been blocked. @ http://localhost:3001/?lat=-2.4178&lon=118.0872&zoom=3.86&view=indonesia&timeRange=7d&layers=conflicts%2Cbases%2Chotspots%2Cnuclear%2Csanctions%2Cweather%2Ceconomic%2Cwaterways%2Coutages%2Cmilitary%2Cnatural:122
[  220114ms] [ERROR] [feeds] DEFAULT_ENABLED name "Breaking Defense" not found in FULL_FEEDS! @ http://localhost:3001/src/config/feeds.ts:1173
[  220114ms] [LOG] [feeds] 107 unique default-enabled sources / 204 total @ http://localhost:3001/src/config/feeds.ts:1175
[  220236ms] [WARNING] THREE.THREE.Clock: This module has been deprecated. Please use THREE.Timer instead. @ http://localhost:3001/node_modules/.vite/deps/chunk-JENIRZW7.js?v=d584b076:296
[  220257ms] [ERROR] Loading the script 'https://va.vercel-scripts.com/v1/script.debug.js' violates the following Content Security Policy directive: "script-src 'self' 'sha256-LnMFPWZxTgVOr2VYwIh9mhQ3l/l3+a3SfNOLERnuHfY=' 'sha256-4Z2xtr1B9QQugoojE/nbpOViG+8l2B7CZVlKgC78AeQ=' 'sha256-903UI9my1I7mqHoiVeZSc56yd50YoRJTB2269QqL76w=' 'sha256-EytE6o1N8rwzpVFMrF+WvBZr2y5UhFLw79o1/4VqS0s=' 'wasm-unsafe-eval' https://www.youtube.com https://static.cloudflareinsights.com https://vercel.live https://challenges.cloudflare.com https://abacus.worldmonitor.app https://*.clerk.accounts.dev https://*.dodopayments.com https://js.stripe.com". Note that 'script-src-elem' was not explicitly set, so 'script-src' is used as a fallback. The action has been blocked. @ http://localhost:3001/node_modules/.vite/deps/@vercel_analytics.js?v=d584b076:185
[  220259ms] [LOG] [App] Variant check: stored="null", current="indonesia" @ http://localhost:3001/src/App.ts:393
[  220259ms] [LOG] [App] Variant changed - seeding new defaults, disabling cross-variant panels @ http://localhost:3001/src/App.ts:395
[  220260ms] [LOG] [entitlements] No VITE_CONVEX_URL — skipping Convex subscription @ http://localhost:3001/src/services/entitlements.ts:11
[  220260ms] [WARNING] [billing] No VITE_CONVEX_URL -- skipping subscription watch @ http://localhost:3001/src/services/billing.ts:19
[  220268ms] [LOG] [Vercel Web Analytics] Failed to load script from https://va.vercel-scripts.com/v1/script.debug.js. Please check if any ad blockers are enabled and try again. @ http://localhost:3001/node_modules/.vite/deps/@vercel_analytics.js?v=d584b076:181
[  220306ms] [ERROR] The script has an unsupported MIME type ('text/html'). @ :0
[  220342ms] [INFO] 🌐 i18next is made possible by our own product, Locize — consider powering your project with managed localization (AI, CDN, integrations): https://locize.com 💙 @ http://localhost:3001/node_modules/.vite/deps/i18next.js?v=d584b076:1803
[  220344ms] [LOG] i18next: languageChanged en-US @ http://localhost:3001/node_modules/.vite/deps/i18next.js?v=d584b076:207
[  220345ms] [LOG] i18next: initialized {debug: true, initAsync: true, ns: Array(1), defaultNS: Array(1), fallbackLng: Array(1)} @ http://localhost:3001/node_modules/.vite/deps/i18next.js?v=d584b076:207
[  220346ms] [WARNING] [PWA] Service worker registration failed: SecurityError: Failed to register a ServiceWorker for scope ('http://localhost:3001/') with script ('http://localhost:3001/sw.js'): The script has an unsupported MIME type ('text/html'). @ http://localhost:3001/src/main.ts:564
[  220364ms] [WARNING] [clerk] VITE_CLERK_PUBLISHABLE_KEY not set, auth disabled @ http://localhost:3001/src/services/clerk.ts:62
[  220374ms] [LOG] [MapContainer] Initializing deck.gl map (desktop mode) @ http://localhost:3001/src/components/MapContainer.ts:110
[  220386ms] [LOG] i18next::translator: missingKey en-US translation components.deckgl.layers.commodityPorts components.deckgl.layers.commodityPorts @ http://localhost:3001/node_modules/.vite/deps/i18next.js?v=d584b076:207
[  220386ms] [LOG] i18next::translator: missingKey en-US translation components.deckgl.layers.webcams components.deckgl.layers.webcams @ http://localhost:3001/node_modules/.vite/deps/i18next.js?v=d584b076:207
[  220386ms] [LOG] i18next::translator: missingKey en-US translation components.deckgl.layers.miningSites components.deckgl.layers.miningSites @ http://localhost:3001/node_modules/.vite/deps/i18next.js?v=d584b076:207
[  220386ms] [LOG] i18next::translator: missingKey en-US translation components.deckgl.layers.processingPlants components.deckgl.layers.processingPlants @ http://localhost:3001/node_modules/.vite/deps/i18next.js?v=d584b076:207
[  220386ms] [LOG] i18next::translator: missingKey en-US translation components.deckgl.layers.resilienceScore components.deckgl.layers.resilienceScore @ http://localhost:3001/node_modules/.vite/deps/i18next.js?v=d584b076:207
[  220386ms] [LOG] i18next::translator: missingKey en-US translation components.deckgl.layers.diseaseOutbreaks components.deckgl.layers.diseaseOutbreaks @ http://localhost:3001/node_modules/.vite/deps/i18next.js?v=d584b076:207
[  220387ms] [LOG] i18next::translator: missingKey en-US translation components.deckgl.layers.sanctions components.deckgl.layers.sanctions @ http://localhost:3001/node_modules/.vite/deps/i18next.js?v=d584b076:207
[  220390ms] [LOG] i18next::translator: missingKey en-US translation panels.cctvIpStream.infoTooltip panels.cctvIpStream.infoTooltip @ http://localhost:3001/node_modules/.vite/deps/i18next.js?v=d584b076:207
[  220409ms] [LOG] i18next::translator: missingKey en-US translation panels.disasters panels.disasters @ http://localhost:3001/node_modules/.vite/deps/i18next.js?v=d584b076:207
[  220409ms] [LOG] i18next::translator: missingKey en-US translation panels.positiveFeed panels.positiveFeed @ http://localhost:3001/node_modules/.vite/deps/i18next.js?v=d584b076:207
[  220409ms] [LOG] i18next::translator: missingKey en-US translation panels.progress panels.progress @ http://localhost:3001/node_modules/.vite/deps/i18next.js?v=d584b076:207
[  220409ms] [LOG] i18next::translator: missingKey en-US translation panels.counters panels.counters @ http://localhost:3001/node_modules/.vite/deps/i18next.js?v=d584b076:207
[  220409ms] [LOG] i18next::translator: missingKey en-US translation panels.spotlight panels.spotlight @ http://localhost:3001/node_modules/.vite/deps/i18next.js?v=d584b076:207
[  220409ms] [LOG] i18next::translator: missingKey en-US translation panels.breakthroughs panels.breakthroughs @ http://localhost:3001/node_modules/.vite/deps/i18next.js?v=d584b076:207
[  220409ms] [LOG] i18next::translator: missingKey en-US translation panels.digest panels.digest @ http://localhost:3001/node_modules/.vite/deps/i18next.js?v=d584b076:207
[  220409ms] [LOG] i18next::translator: missingKey en-US translation panels.species panels.species @ http://localhost:3001/node_modules/.vite/deps/i18next.js?v=d584b076:207
[  220410ms] [LOG] i18next::translator: missingKey en-US translation panels.renewable panels.renewable @ http://localhost:3001/node_modules/.vite/deps/i18next.js?v=d584b076:207
[  220410ms] [LOG] i18next::translator: missingKey en-US translation panels.commodityNews panels.commodityNews @ http://localhost:3001/node_modules/.vite/deps/i18next.js?v=d584b076:207
[  220410ms] [LOG] i18next::translator: missingKey en-US translation panels.liquidityShifts panels.liquidityShifts @ http://localhost:3001/node_modules/.vite/deps/i18next.js?v=d584b076:207
[  220410ms] [LOG] i18next::translator: missingKey en-US translation panels.positioning-247 panels.positioning-247 @ http://localhost:3001/node_modules/.vite/deps/i18next.js?v=d584b076:207
[  220410ms] [LOG] i18next::translator: missingKey en-US translation panels.goldSilver panels.goldSilver @ http://localhost:3001/node_modules/.vite/deps/i18next.js?v=d584b076:207
[  220410ms] [LOG] i18next::translator: missingKey en-US translation panels.miningNews panels.miningNews @ http://localhost:3001/node_modules/.vite/deps/i18next.js?v=d584b076:207
[  220410ms] [LOG] i18next::translator: missingKey en-US translation panels.criticalMinerals panels.criticalMinerals @ http://localhost:3001/node_modules/.vite/deps/i18next.js?v=d584b076:207
[  220410ms] [LOG] i18next::translator: missingKey en-US translation panels.baseMetals panels.baseMetals @ http://localhost:3001/node_modules/.vite/deps/i18next.js?v=d584b076:207
[  220410ms] [LOG] i18next::translator: missingKey en-US translation panels.miningCompanies panels.miningCompanies @ http://localhost:3001/node_modules/.vite/deps/i18next.js?v=d584b076:207
[  220410ms] [LOG] i18next::translator: missingKey en-US translation panels.commodityRegulation panels.commodityRegulation @ http://localhost:3001/node_modules/.vite/deps/i18next.js?v=d584b076:207
[  220410ms] [LOG] i18next::translator: missingKey en-US translation panels.pipelineStatus panels.pipelineStatus @ http://localhost:3001/node_modules/.vite/deps/i18next.js?v=d584b076:207
[  220410ms] [LOG] i18next::translator: missingKey en-US translation panels.sanctionsPressure panels.sanctionsPressure @ http://localhost:3001/node_modules/.vite/deps/i18next.js?v=d584b076:207
[  220410ms] [LOG] i18next::translator: missingKey en-US translation panels.worldClock panels.worldClock @ http://localhost:3001/node_modules/.vite/deps/i18next.js?v=d584b076:207
[  220410ms] [LOG] i18next::translator: missingKey en-US translation panels.latestBrief panels.latestBrief @ http://localhost:3001/node_modules/.vite/deps/i18next.js?v=d584b076:207
[  220410ms] [LOG] i18next::translator: missingKey en-US translation panels.energyRiskOverview panels.energyRiskOverview @ http://localhost:3001/node_modules/.vite/deps/i18next.js?v=d584b076:207
[  220410ms] [LOG] i18next::translator: missingKey en-US translation panels.chokepointStrip panels.chokepointStrip @ http://localhost:3001/node_modules/.vite/deps/i18next.js?v=d584b076:207
[  220410ms] [LOG] i18next::translator: missingKey en-US translation panels.storageFacilityMap panels.storageFacilityMap @ http://localhost:3001/node_modules/.vite/deps/i18next.js?v=d584b076:207
[  220410ms] [LOG] i18next::translator: missingKey en-US translation panels.fuelShortages panels.fuelShortages @ http://localhost:3001/node_modules/.vite/deps/i18next.js?v=d584b076:207
[  220410ms] [LOG] i18next::translator: missingKey en-US translation panels.energyDisruptions panels.energyDisruptions @ http://localhost:3001/node_modules/.vite/deps/i18next.js?v=d584b076:207
[  220411ms] [LOG] i18next::translator: missingKey en-US translation panels.hormuzTracker panels.hormuzTracker @ http://localhost:3001/node_modules/.vite/deps/i18next.js?v=d584b076:207
[  220411ms] [LOG] i18next::translator: missingKey en-US translation panels.aiRegulation panels.aiRegulation @ http://localhost:3001/node_modules/.vite/deps/i18next.js?v=d584b076:207
[  220411ms] [LOG] i18next::translator: missingKey en-US translation panels.stockAnalysis panels.stockAnalysis @ http://localhost:3001/node_modules/.vite/deps/i18next.js?v=d584b076:207
[  220411ms] [LOG] i18next::translator: missingKey en-US translation panels.stockBacktest panels.stockBacktest @ http://localhost:3001/node_modules/.vite/deps/i18next.js?v=d584b076:207
[  220411ms] [LOG] i18next::translator: missingKey en-US translation panels.dailyMarketBrief panels.dailyMarketBrief @ http://localhost:3001/node_modules/.vite/deps/i18next.js?v=d584b076:207
[  220411ms] [LOG] i18next::translator: missingKey en-US translation panels.marketsNews panels.marketsNews @ http://localhost:3001/node_modules/.vite/deps/i18next.js?v=d584b076:207
[  220411ms] [LOG] i18next::translator: missingKey en-US translation panels.forex panels.forex @ http://localhost:3001/node_modules/.vite/deps/i18next.js?v=d584b076:207
[  220411ms] [LOG] i18next::translator: missingKey en-US translation panels.bonds panels.bonds @ http://localhost:3001/node_modules/.vite/deps/i18next.js?v=d584b076:207
[  220411ms] [LOG] i18next::translator: missingKey en-US translation panels.commoditiesNews panels.commoditiesNews @ http://localhost:3001/node_modules/.vite/deps/i18next.js?v=d584b076:207
[  220411ms] [LOG] i18next::translator: missingKey en-US translation panels.cryptoNews panels.cryptoNews @ http://localhost:3001/node_modules/.vite/deps/i18next.js?v=d584b076:207
[  220411ms] [LOG] i18next::translator: missingKey en-US translation panels.cryptoHeatmap panels.cryptoHeatmap @ http://localhost:3001/node_modules/.vite/deps/i18next.js?v=d584b076:207
[  220411ms] [LOG] i18next::translator: missingKey en-US translation panels.defiTokens panels.defiTokens @ http://localhost:3001/node_modules/.vite/deps/i18next.js?v=d584b076:207
[  220411ms] [LOG] i18next::translator: missingKey en-US translation panels.aiTokens panels.aiTokens @ http://localhost:3001/node_modules/.vite/deps/i18next.js?v=d584b076:207
[  220411ms] [LOG] i18next::translator: missingKey en-US translation panels.otherTokens panels.otherTokens @ http://localhost:3001/node_modules/.vite/deps/i18next.js?v=d584b076:207
[  220411ms] [LOG] i18next::translator: missingKey en-US translation panels.centralbanks panels.centralbanks @ http://localhost:3001/node_modules/.vite/deps/i18next.js?v=d584b076:207
[  220411ms] [LOG] i18next::translator: missingKey en-US translation panels.economicNews panels.economicNews @ http://localhost:3001/node_modules/.vite/deps/i18next.js?v=d584b076:207
[  220411ms] [LOG] i18next::translator: missingKey en-US translation panels.macroTiles panels.macroTiles @ http://localhost:3001/node_modules/.vite/deps/i18next.js?v=d584b076:207
[  220411ms] [LOG] i18next::translator: missingKey en-US translation panels.aaiiSentiment panels.aaiiSentiment @ http://localhost:3001/node_modules/.vite/deps/i18next.js?v=d584b076:207
[  220411ms] [LOG] i18next::translator: missingKey en-US translation panels.fsi panels.fsi @ http://localhost:3001/node_modules/.vite/deps/i18next.js?v=d584b076:207
[  220412ms] [LOG] i18next::translator: missingKey en-US translation panels.yieldCurve panels.yieldCurve @ http://localhost:3001/node_modules/.vite/deps/i18next.js?v=d584b076:207
[  220412ms] [LOG] i18next::translator: missingKey en-US translation panels.earningsCalendar panels.earningsCalendar @ http://localhost:3001/node_modules/.vite/deps/i18next.js?v=d584b076:207
[  220412ms] [LOG] i18next::translator: missingKey en-US translation panels.economicCalendar panels.economicCalendar @ http://localhost:3001/node_modules/.vite/deps/i18next.js?v=d584b076:207
[  220412ms] [LOG] i18next::translator: missingKey en-US translation panels.cotPositioning panels.cotPositioning @ http://localhost:3001/node_modules/.vite/deps/i18next.js?v=d584b076:207
[  220412ms] [LOG] i18next::translator: missingKey en-US translation panels.derivatives panels.derivatives @ http://localhost:3001/node_modules/.vite/deps/i18next.js?v=d584b076:207
[  220412ms] [LOG] i18next::translator: missingKey en-US translation panels.fintech panels.fintech @ http://localhost:3001/node_modules/.vite/deps/i18next.js?v=d584b076:207
[  220412ms] [LOG] i18next::translator: missingKey en-US translation panels.institutional panels.institutional @ http://localhost:3001/node_modules/.vite/deps/i18next.js?v=d584b076:207
[  220412ms] [LOG] i18next::translator: missingKey en-US translation panels.analysis panels.analysis @ http://localhost:3001/node_modules/.vite/deps/i18next.js?v=d584b076:207
[  220412ms] [LOG] i18next::translator: missingKey en-US translation panels.gccNews panels.gccNews @ http://localhost:3001/node_modules/.vite/deps/i18next.js?v=d584b076:207
[  220412ms] [LOG] i18next::translator: missingKey en-US translation panels.forecast panels.forecast @ http://localhost:3001/node_modules/.vite/deps/i18next.js?v=d584b076:207
[  220412ms] [LOG] i18next::translator: missingKey en-US translation panels.militaryCorrelation panels.militaryCorrelation @ http://localhost:3001/node_modules/.vite/deps/i18next.js?v=d584b076:207
[  220412ms] [LOG] i18next::translator: missingKey en-US translation panels.escalationCorrelation panels.escalationCorrelation @ http://localhost:3001/node_modules/.vite/deps/i18next.js?v=d584b076:207
[  220412ms] [LOG] i18next::translator: missingKey en-US translation panels.economicCorrelation panels.economicCorrelation @ http://localhost:3001/node_modules/.vite/deps/i18next.js?v=d584b076:207
[  220412ms] [LOG] i18next::translator: missingKey en-US translation panels.disasterCorrelation panels.disasterCorrelation @ http://localhost:3001/node_modules/.vite/deps/i18next.js?v=d584b076:207
[  220412ms] [LOG] i18next::translator: missingKey en-US translation panels.chatAnalyst panels.chatAnalyst @ http://localhost:3001/node_modules/.vite/deps/i18next.js?v=d584b076:207
[  220412ms] [LOG] i18next::translator: missingKey en-US translation panels.diseaseOutbreaks panels.diseaseOutbreaks @ http://localhost:3001/node_modules/.vite/deps/i18next.js?v=d584b076:207
[  220412ms] [LOG] i18next::translator: missingKey en-US translation panels.socialVelocity panels.socialVelocity @ http://localhost:3001/node_modules/.vite/deps/i18next.js?v=d584b076:207
[  220412ms] [LOG] i18next::translator: missingKey en-US translation panels.defensePatents panels.defensePatents @ http://localhost:3001/node_modules/.vite/deps/i18next.js?v=d584b076:207
[  220412ms] [LOG] i18next::translator: missingKey en-US translation panels.radiationWatch panels.radiationWatch @ http://localhost:3001/node_modules/.vite/deps/i18next.js?v=d584b076:207
[  220413ms] [LOG] i18next::translator: missingKey en-US translation panels.thermalEscalation panels.thermalEscalation @ http://localhost:3001/node_modules/.vite/deps/i18next.js?v=d584b076:207
[  220413ms] [LOG] i18next::translator: missingKey en-US translation panels.nationalDebt panels.nationalDebt @ http://localhost:3001/node_modules/.vite/deps/i18next.js?v=d584b076:207
[  220413ms] [LOG] i18next::translator: missingKey en-US translation panels.crossSourceSignals panels.crossSourceSignals @ http://localhost:3001/node_modules/.vite/deps/i18next.js?v=d584b076:207
[  220413ms] [LOG] i18next::translator: missingKey en-US translation panels.regionalIntelligence panels.regionalIntelligence @ http://localhost:3001/node_modules/.vite/deps/i18next.js?v=d584b076:207
[  220574ms] [ERROR] Failed to load resource: the server responded with a status of 503 (Service Unavailable) @ http://localhost:3001/api/gpsjam:0
[  220575ms] [ERROR] Failed to load resource: the server responded with a status of 404 (Not Found) @ http://localhost:3001/api/health/v1/list-disease-outbreaks:0
[  220586ms] [ERROR] [App] Telegram intel fetch failed: SyntaxError: Unexpected token 'i', "import { g"... is not valid JSON @ http://localhost:3001/src/app/data-loader.ts:2939
[  220586ms] [ERROR] [Polymarket] Failed: Error: No markets returned — upstream may be down @ http://localhost:3001/src/utils/circuit-breaker.ts:298
[  220588ms] [WARNING] [clerk] getClerkToken: no session (clerkInstance=false, user=false) @ http://localhost:3001/src/services/clerk.ts:127
[  220603ms] [ERROR] Failed to load resource: the server responded with a status of 404 (Not Found) @ http://localhost:3001/api/radiation/v1/list-radiation-observations?max_items=18:0
[  220603ms] [ERROR] Failed to load resource: the server responded with a status of 404 (Not Found) @ http://localhost:3001/api/thermal/v1/list-thermal-escalations?max_items=12:0
[  220603ms] [ERROR] Failed to load resource: the server responded with a status of 404 (Not Found) @ http://localhost:3001/api/forecast/v1/get-forecasts:0
[  220604ms] [ERROR] [NWS Weather] Failed: SyntaxError: Unexpected token 'i', "import { g"... is not valid JSON @ http://localhost:3001/src/utils/circuit-breaker.ts:298
[  220604ms] [ERROR] [App] Telegram intel fetch failed: SyntaxError: Unexpected token 'i', "import { g"... is not valid JSON @ http://localhost:3001/src/app/data-loader.ts:2939
[  220605ms] [ERROR] [Radiation Watch] Failed: ApiError: Request failed with status 404 @ http://localhost:3001/src/utils/circuit-breaker.ts:298
[  220605ms] [ERROR] [Military Flight Tracking] Failed: Error: No flights returned — upstream may be down @ http://localhost:3001/src/utils/circuit-breaker.ts:298
[  220606ms] [ERROR] [Thermal Escalation] Failed: ApiError: Request failed with status 404 @ http://localhost:3001/src/utils/circuit-breaker.ts:298
[  220607ms] [LOG] [Intelligence] All signals loaded for CII calculation @ http://localhost:3001/src/app/data-loader.ts:1966
[  220633ms] [WARNING] Image "circle-11" could not be loaded. Please make sure you have added the image with map.addImage() or a "sprite" property in your style. You can provide missing images by listening for the "styleimagemissing" map event. @ http://localhost:3001/node_modules/.vite/deps/maplibre-gl.js?v=d584b076:312
[  220634ms] [ERROR] Failed to load resource: the server responded with a status of 404 (Not Found) @ http://localhost:3001/api/forecast/v1/get-simulation-outcome:0
[  220641ms] [ERROR] Failed to load resource: the server responded with a status of 404 (Not Found) @ http://localhost:3001/api/sanctions/v1/list-sanctions-pressure?max_items=30:0
[  220667ms] [ERROR] [Sanctions Pressure] Failed: ApiError: Request failed with status 404 @ http://localhost:3001/src/utils/circuit-breaker.ts:298
[  221179ms] [LOG] i18next::translator: missingKey en-US translation common.remove common.remove @ http://localhost:3001/node_modules/.vite/deps/i18next.js?v=d584b076:207
[  228543ms] [WARNING] [News] Digest fetch failed, using fallback: TimeoutError: signal timed out @ http://localhost:3001/src/app/data-loader.ts:304
[  228545ms] [WARNING] [News] Digest missing for "politics", limited per-feed fallback disabled @ http://localhost:3001/src/app/data-loader.ts:848
[  228546ms] [WARNING] [News] Digest missing for "gov", limited per-feed fallback disabled @ http://localhost:3001/src/app/data-loader.ts:848
[  228546ms] [WARNING] [News] Digest missing for "markets", limited per-feed fallback disabled @ http://localhost:3001/src/app/data-loader.ts:848
[  228546ms] [WARNING] [News] Digest missing for "tech", limited per-feed fallback disabled @ http://localhost:3001/src/app/data-loader.ts:848
[  228546ms] [WARNING] [News] Digest missing for "disasters", limited per-feed fallback disabled @ http://localhost:3001/src/app/data-loader.ts:848
[  228547ms] [WARNING] [News] Digest missing for "commodities", limited per-feed fallback disabled @ http://localhost:3001/src/app/data-loader.ts:848
[  230356ms] [LOG] [Search] Indexing 0 news items (allNews total: 0) @ http://localhost:3001/src/app/search-manager.ts:690
[  258811ms] [LOG] i18next::translator: missingKey en-US translation common.remove common.remove @ http://localhost:3001/node_modules/.vite/deps/i18next.js?v=d584b076:207
[  259717ms] [LOG] i18next::translator: missingKey en-US translation common.remove common.remove @ http://localhost:3001/node_modules/.vite/deps/i18next.js?v=d584b076:207
[  260978ms] [LOG] i18next::translator: missingKey en-US translation common.remove common.remove @ http://localhost:3001/node_modules/.vite/deps/i18next.js?v=d584b076:207
[  264546ms] [ERROR] Executing inline script violates the following Content Security Policy directive 'script-src 'self' 'sha256-LnMFPWZxTgVOr2VYwIh9mhQ3l/l3+a3SfNOLERnuHfY=' 'sha256-4Z2xtr1B9QQugoojE/nbpOViG+8l2B7CZVlKgC78AeQ=' 'sha256-903UI9my1I7mqHoiVeZSc56yd50YoRJTB2269QqL76w=' 'sha256-EytE6o1N8rwzpVFMrF+WvBZr2y5UhFLw79o1/4VqS0s=' 'wasm-unsafe-eval' https://www.youtube.com https://static.cloudflareinsights.com https://vercel.live https://challenges.cloudflare.com https://abacus.worldmonitor.app https://*.clerk.accounts.dev https://*.dodopayments.com https://js.stripe.com'. Either the 'unsafe-inline' keyword, a hash ('sha256-LuDp9a6YTEBu5grwJa/9mHs7S0Q6G43hE6XZCsokUPQ='), or a nonce ('nonce-...') is required to enable inline execution. The action has been blocked. @ http://localhost:3001/?lat=-2.3210&lon=118.0872&zoom=3.86&view=indonesia&timeRange=7d&layers=conflicts%2Cbases%2Chotspots%2Cnuclear%2Csanctions%2Cweather%2Ceconomic%2Cwaterways%2Coutages%2Cmilitary%2Cnatural:122
[  279644ms] [ERROR] [feeds] DEFAULT_ENABLED name "Breaking Defense" not found in FULL_FEEDS! @ http://localhost:3001/src/config/feeds.ts:1173
[  279644ms] [LOG] [feeds] 107 unique default-enabled sources / 204 total @ http://localhost:3001/src/config/feeds.ts:1175
[  279741ms] [WARNING] THREE.THREE.Clock: This module has been deprecated. Please use THREE.Timer instead. @ http://localhost:3001/node_modules/.vite/deps/chunk-JENIRZW7.js?v=d584b076:296
[  279745ms] [ERROR] Loading the script 'https://va.vercel-scripts.com/v1/script.debug.js' violates the following Content Security Policy directive: "script-src 'self' 'sha256-LnMFPWZxTgVOr2VYwIh9mhQ3l/l3+a3SfNOLERnuHfY=' 'sha256-4Z2xtr1B9QQugoojE/nbpOViG+8l2B7CZVlKgC78AeQ=' 'sha256-903UI9my1I7mqHoiVeZSc56yd50YoRJTB2269QqL76w=' 'sha256-EytE6o1N8rwzpVFMrF+WvBZr2y5UhFLw79o1/4VqS0s=' 'wasm-unsafe-eval' https://www.youtube.com https://static.cloudflareinsights.com https://vercel.live https://challenges.cloudflare.com https://abacus.worldmonitor.app https://*.clerk.accounts.dev https://*.dodopayments.com https://js.stripe.com". Note that 'script-src-elem' was not explicitly set, so 'script-src' is used as a fallback. The action has been blocked. @ http://localhost:3001/node_modules/.vite/deps/@vercel_analytics.js?v=d584b076:185
[  279746ms] [LOG] [App] Variant check: stored="null", current="indonesia" @ http://localhost:3001/src/App.ts:393
[  279746ms] [LOG] [App] Variant changed - seeding new defaults, disabling cross-variant panels @ http://localhost:3001/src/App.ts:395
[  279747ms] [LOG] [entitlements] No VITE_CONVEX_URL — skipping Convex subscription @ http://localhost:3001/src/services/entitlements.ts:11
[  279747ms] [WARNING] [billing] No VITE_CONVEX_URL -- skipping subscription watch @ http://localhost:3001/src/services/billing.ts:19
[  279753ms] [ERROR] The script has an unsupported MIME type ('text/html'). @ :0
[  279754ms] [LOG] [Vercel Web Analytics] Failed to load script from https://va.vercel-scripts.com/v1/script.debug.js. Please check if any ad blockers are enabled and try again. @ http://localhost:3001/node_modules/.vite/deps/@vercel_analytics.js?v=d584b076:181
[  279759ms] [WARNING] [PWA] Service worker registration failed: SecurityError: Failed to register a ServiceWorker for scope ('http://localhost:3001/') with script ('http://localhost:3001/sw.js'): The script has an unsupported MIME type ('text/html'). @ http://localhost:3001/src/main.ts:564
[  279760ms] [INFO] 🌐 i18next is made possible by our own product, Locize — consider powering your project with managed localization (AI, CDN, integrations): https://locize.com 💙 @ http://localhost:3001/node_modules/.vite/deps/i18next.js?v=d584b076:1803
[  279761ms] [LOG] i18next: languageChanged en-US @ http://localhost:3001/node_modules/.vite/deps/i18next.js?v=d584b076:207
[  279761ms] [LOG] i18next: initialized {debug: true, initAsync: true, ns: Array(1), defaultNS: Array(1), fallbackLng: Array(1)} @ http://localhost:3001/node_modules/.vite/deps/i18next.js?v=d584b076:207
[  279768ms] [WARNING] [clerk] VITE_CLERK_PUBLISHABLE_KEY not set, auth disabled @ http://localhost:3001/src/services/clerk.ts:62
[  279778ms] [LOG] [MapContainer] Initializing deck.gl map (desktop mode) @ http://localhost:3001/src/components/MapContainer.ts:110
[  279787ms] [LOG] i18next::translator: missingKey en-US translation components.deckgl.layers.commodityPorts components.deckgl.layers.commodityPorts @ http://localhost:3001/node_modules/.vite/deps/i18next.js?v=d584b076:207
[  279787ms] [LOG] i18next::translator: missingKey en-US translation components.deckgl.layers.webcams components.deckgl.layers.webcams @ http://localhost:3001/node_modules/.vite/deps/i18next.js?v=d584b076:207
[  279788ms] [LOG] i18next::translator: missingKey en-US translation components.deckgl.layers.miningSites components.deckgl.layers.miningSites @ http://localhost:3001/node_modules/.vite/deps/i18next.js?v=d584b076:207
[  279788ms] [LOG] i18next::translator: missingKey en-US translation components.deckgl.layers.processingPlants components.deckgl.layers.processingPlants @ http://localhost:3001/node_modules/.vite/deps/i18next.js?v=d584b076:207
[  279788ms] [LOG] i18next::translator: missingKey en-US translation components.deckgl.layers.resilienceScore components.deckgl.layers.resilienceScore @ http://localhost:3001/node_modules/.vite/deps/i18next.js?v=d584b076:207
[  279788ms] [LOG] i18next::translator: missingKey en-US translation components.deckgl.layers.diseaseOutbreaks components.deckgl.layers.diseaseOutbreaks @ http://localhost:3001/node_modules/.vite/deps/i18next.js?v=d584b076:207
[  279788ms] [LOG] i18next::translator: missingKey en-US translation components.deckgl.layers.sanctions components.deckgl.layers.sanctions @ http://localhost:3001/node_modules/.vite/deps/i18next.js?v=d584b076:207
[  279791ms] [LOG] i18next::translator: missingKey en-US translation panels.cctvIpStream.infoTooltip panels.cctvIpStream.infoTooltip @ http://localhost:3001/node_modules/.vite/deps/i18next.js?v=d584b076:207
[  279814ms] [LOG] i18next::translator: missingKey en-US translation panels.disasters panels.disasters @ http://localhost:3001/node_modules/.vite/deps/i18next.js?v=d584b076:207
[  279814ms] [LOG] i18next::translator: missingKey en-US translation panels.positiveFeed panels.positiveFeed @ http://localhost:3001/node_modules/.vite/deps/i18next.js?v=d584b076:207
[  279814ms] [LOG] i18next::translator: missingKey en-US translation panels.progress panels.progress @ http://localhost:3001/node_modules/.vite/deps/i18next.js?v=d584b076:207
[  279814ms] [LOG] i18next::translator: missingKey en-US translation panels.counters panels.counters @ http://localhost:3001/node_modules/.vite/deps/i18next.js?v=d584b076:207
[  279814ms] [LOG] i18next::translator: missingKey en-US translation panels.spotlight panels.spotlight @ http://localhost:3001/node_modules/.vite/deps/i18next.js?v=d584b076:207
[  279814ms] [LOG] i18next::translator: missingKey en-US translation panels.breakthroughs panels.breakthroughs @ http://localhost:3001/node_modules/.vite/deps/i18next.js?v=d584b076:207
[  279814ms] [LOG] i18next::translator: missingKey en-US translation panels.digest panels.digest @ http://localhost:3001/node_modules/.vite/deps/i18next.js?v=d584b076:207
[  279814ms] [LOG] i18next::translator: missingKey en-US translation panels.species panels.species @ http://localhost:3001/node_modules/.vite/deps/i18next.js?v=d584b076:207
[  279814ms] [LOG] i18next::translator: missingKey en-US translation panels.renewable panels.renewable @ http://localhost:3001/node_modules/.vite/deps/i18next.js?v=d584b076:207
[  279814ms] [LOG] i18next::translator: missingKey en-US translation panels.commodityNews panels.commodityNews @ http://localhost:3001/node_modules/.vite/deps/i18next.js?v=d584b076:207
[  279814ms] [LOG] i18next::translator: missingKey en-US translation panels.liquidityShifts panels.liquidityShifts @ http://localhost:3001/node_modules/.vite/deps/i18next.js?v=d584b076:207
[  279814ms] [LOG] i18next::translator: missingKey en-US translation panels.positioning-247 panels.positioning-247 @ http://localhost:3001/node_modules/.vite/deps/i18next.js?v=d584b076:207
[  279814ms] [LOG] i18next::translator: missingKey en-US translation panels.goldSilver panels.goldSilver @ http://localhost:3001/node_modules/.vite/deps/i18next.js?v=d584b076:207
[  279814ms] [LOG] i18next::translator: missingKey en-US translation panels.miningNews panels.miningNews @ http://localhost:3001/node_modules/.vite/deps/i18next.js?v=d584b076:207
[  279815ms] [LOG] i18next::translator: missingKey en-US translation panels.criticalMinerals panels.criticalMinerals @ http://localhost:3001/node_modules/.vite/deps/i18next.js?v=d584b076:207
[  279815ms] [LOG] i18next::translator: missingKey en-US translation panels.baseMetals panels.baseMetals @ http://localhost:3001/node_modules/.vite/deps/i18next.js?v=d584b076:207
[  279815ms] [LOG] i18next::translator: missingKey en-US translation panels.miningCompanies panels.miningCompanies @ http://localhost:3001/node_modules/.vite/deps/i18next.js?v=d584b076:207
[  279815ms] [LOG] i18next::translator: missingKey en-US translation panels.commodityRegulation panels.commodityRegulation @ http://localhost:3001/node_modules/.vite/deps/i18next.js?v=d584b076:207
[  279815ms] [LOG] i18next::translator: missingKey en-US translation panels.pipelineStatus panels.pipelineStatus @ http://localhost:3001/node_modules/.vite/deps/i18next.js?v=d584b076:207
[  279815ms] [LOG] i18next::translator: missingKey en-US translation panels.sanctionsPressure panels.sanctionsPressure @ http://localhost:3001/node_modules/.vite/deps/i18next.js?v=d584b076:207
[  279815ms] [LOG] i18next::translator: missingKey en-US translation panels.worldClock panels.worldClock @ http://localhost:3001/node_modules/.vite/deps/i18next.js?v=d584b076:207
[  279815ms] [LOG] i18next::translator: missingKey en-US translation panels.latestBrief panels.latestBrief @ http://localhost:3001/node_modules/.vite/deps/i18next.js?v=d584b076:207
[  279815ms] [LOG] i18next::translator: missingKey en-US translation panels.energyRiskOverview panels.energyRiskOverview @ http://localhost:3001/node_modules/.vite/deps/i18next.js?v=d584b076:207
[  279815ms] [LOG] i18next::translator: missingKey en-US translation panels.chokepointStrip panels.chokepointStrip @ http://localhost:3001/node_modules/.vite/deps/i18next.js?v=d584b076:207
[  279815ms] [LOG] i18next::translator: missingKey en-US translation panels.storageFacilityMap panels.storageFacilityMap @ http://localhost:3001/node_modules/.vite/deps/i18next.js?v=d584b076:207
[  279815ms] [LOG] i18next::translator: missingKey en-US translation panels.fuelShortages panels.fuelShortages @ http://localhost:3001/node_modules/.vite/deps/i18next.js?v=d584b076:207
[  279815ms] [LOG] i18next::translator: missingKey en-US translation panels.energyDisruptions panels.energyDisruptions @ http://localhost:3001/node_modules/.vite/deps/i18next.js?v=d584b076:207
[  279815ms] [LOG] i18next::translator: missingKey en-US translation panels.hormuzTracker panels.hormuzTracker @ http://localhost:3001/node_modules/.vite/deps/i18next.js?v=d584b076:207
[  279816ms] [LOG] i18next::translator: missingKey en-US translation panels.aiRegulation panels.aiRegulation @ http://localhost:3001/node_modules/.vite/deps/i18next.js?v=d584b076:207
[  279816ms] [LOG] i18next::translator: missingKey en-US translation panels.stockAnalysis panels.stockAnalysis @ http://localhost:3001/node_modules/.vite/deps/i18next.js?v=d584b076:207
[  279816ms] [LOG] i18next::translator: missingKey en-US translation panels.stockBacktest panels.stockBacktest @ http://localhost:3001/node_modules/.vite/deps/i18next.js?v=d584b076:207
[  279816ms] [LOG] i18next::translator: missingKey en-US translation panels.dailyMarketBrief panels.dailyMarketBrief @ http://localhost:3001/node_modules/.vite/deps/i18next.js?v=d584b076:207
[  279816ms] [LOG] i18next::translator: missingKey en-US translation panels.marketsNews panels.marketsNews @ http://localhost:3001/node_modules/.vite/deps/i18next.js?v=d584b076:207
[  279816ms] [LOG] i18next::translator: missingKey en-US translation panels.forex panels.forex @ http://localhost:3001/node_modules/.vite/deps/i18next.js?v=d584b076:207
[  279816ms] [LOG] i18next::translator: missingKey en-US translation panels.bonds panels.bonds @ http://localhost:3001/node_modules/.vite/deps/i18next.js?v=d584b076:207
[  279816ms] [LOG] i18next::translator: missingKey en-US translation panels.commoditiesNews panels.commoditiesNews @ http://localhost:3001/node_modules/.vite/deps/i18next.js?v=d584b076:207
[  279816ms] [LOG] i18next::translator: missingKey en-US translation panels.cryptoNews panels.cryptoNews @ http://localhost:3001/node_modules/.vite/deps/i18next.js?v=d584b076:207
[  279816ms] [LOG] i18next::translator: missingKey en-US translation panels.cryptoHeatmap panels.cryptoHeatmap @ http://localhost:3001/node_modules/.vite/deps/i18next.js?v=d584b076:207
[  279816ms] [LOG] i18next::translator: missingKey en-US translation panels.defiTokens panels.defiTokens @ http://localhost:3001/node_modules/.vite/deps/i18next.js?v=d584b076:207
[  279816ms] [LOG] i18next::translator: missingKey en-US translation panels.aiTokens panels.aiTokens @ http://localhost:3001/node_modules/.vite/deps/i18next.js?v=d584b076:207
[  279816ms] [LOG] i18next::translator: missingKey en-US translation panels.otherTokens panels.otherTokens @ http://localhost:3001/node_modules/.vite/deps/i18next.js?v=d584b076:207
[  279816ms] [LOG] i18next::translator: missingKey en-US translation panels.centralbanks panels.centralbanks @ http://localhost:3001/node_modules/.vite/deps/i18next.js?v=d584b076:207
[  279816ms] [LOG] i18next::translator: missingKey en-US translation panels.economicNews panels.economicNews @ http://localhost:3001/node_modules/.vite/deps/i18next.js?v=d584b076:207
[  279816ms] [LOG] i18next::translator: missingKey en-US translation panels.macroTiles panels.macroTiles @ http://localhost:3001/node_modules/.vite/deps/i18next.js?v=d584b076:207
[  279816ms] [LOG] i18next::translator: missingKey en-US translation panels.aaiiSentiment panels.aaiiSentiment @ http://localhost:3001/node_modules/.vite/deps/i18next.js?v=d584b076:207
[  279816ms] [LOG] i18next::translator: missingKey en-US translation panels.fsi panels.fsi @ http://localhost:3001/node_modules/.vite/deps/i18next.js?v=d584b076:207
[  279816ms] [LOG] i18next::translator: missingKey en-US translation panels.yieldCurve panels.yieldCurve @ http://localhost:3001/node_modules/.vite/deps/i18next.js?v=d584b076:207
[  279816ms] [LOG] i18next::translator: missingKey en-US translation panels.earningsCalendar panels.earningsCalendar @ http://localhost:3001/node_modules/.vite/deps/i18next.js?v=d584b076:207
[  279816ms] [LOG] i18next::translator: missingKey en-US translation panels.economicCalendar panels.economicCalendar @ http://localhost:3001/node_modules/.vite/deps/i18next.js?v=d584b076:207
[  279817ms] [LOG] i18next::translator: missingKey en-US translation panels.cotPositioning panels.cotPositioning @ http://localhost:3001/node_modules/.vite/deps/i18next.js?v=d584b076:207
[  279817ms] [LOG] i18next::translator: missingKey en-US translation panels.derivatives panels.derivatives @ http://localhost:3001/node_modules/.vite/deps/i18next.js?v=d584b076:207
[  279817ms] [LOG] i18next::translator: missingKey en-US translation panels.fintech panels.fintech @ http://localhost:3001/node_modules/.vite/deps/i18next.js?v=d584b076:207
[  279817ms] [LOG] i18next::translator: missingKey en-US translation panels.institutional panels.institutional @ http://localhost:3001/node_modules/.vite/deps/i18next.js?v=d584b076:207
[  279817ms] [LOG] i18next::translator: missingKey en-US translation panels.analysis panels.analysis @ http://localhost:3001/node_modules/.vite/deps/i18next.js?v=d584b076:207
[  279817ms] [LOG] i18next::translator: missingKey en-US translation panels.gccNews panels.gccNews @ http://localhost:3001/node_modules/.vite/deps/i18next.js?v=d584b076:207
[  279817ms] [LOG] i18next::translator: missingKey en-US translation panels.forecast panels.forecast @ http://localhost:3001/node_modules/.vite/deps/i18next.js?v=d584b076:207
[  279817ms] [LOG] i18next::translator: missingKey en-US translation panels.militaryCorrelation panels.militaryCorrelation @ http://localhost:3001/node_modules/.vite/deps/i18next.js?v=d584b076:207
[  279817ms] [LOG] i18next::translator: missingKey en-US translation panels.escalationCorrelation panels.escalationCorrelation @ http://localhost:3001/node_modules/.vite/deps/i18next.js?v=d584b076:207
[  279817ms] [LOG] i18next::translator: missingKey en-US translation panels.economicCorrelation panels.economicCorrelation @ http://localhost:3001/node_modules/.vite/deps/i18next.js?v=d584b076:207
[  279817ms] [LOG] i18next::translator: missingKey en-US translation panels.disasterCorrelation panels.disasterCorrelation @ http://localhost:3001/node_modules/.vite/deps/i18next.js?v=d584b076:207
[  279817ms] [LOG] i18next::translator: missingKey en-US translation panels.chatAnalyst panels.chatAnalyst @ http://localhost:3001/node_modules/.vite/deps/i18next.js?v=d584b076:207
[  279817ms] [LOG] i18next::translator: missingKey en-US translation panels.diseaseOutbreaks panels.diseaseOutbreaks @ http://localhost:3001/node_modules/.vite/deps/i18next.js?v=d584b076:207
[  279817ms] [LOG] i18next::translator: missingKey en-US translation panels.socialVelocity panels.socialVelocity @ http://localhost:3001/node_modules/.vite/deps/i18next.js?v=d584b076:207
[  279817ms] [LOG] i18next::translator: missingKey en-US translation panels.defensePatents panels.defensePatents @ http://localhost:3001/node_modules/.vite/deps/i18next.js?v=d584b076:207
[  279817ms] [LOG] i18next::translator: missingKey en-US translation panels.radiationWatch panels.radiationWatch @ http://localhost:3001/node_modules/.vite/deps/i18next.js?v=d584b076:207
[  279817ms] [LOG] i18next::translator: missingKey en-US translation panels.thermalEscalation panels.thermalEscalation @ http://localhost:3001/node_modules/.vite/deps/i18next.js?v=d584b076:207
[  279817ms] [LOG] i18next::translator: missingKey en-US translation panels.nationalDebt panels.nationalDebt @ http://localhost:3001/node_modules/.vite/deps/i18next.js?v=d584b076:207
[  279818ms] [LOG] i18next::translator: missingKey en-US translation panels.crossSourceSignals panels.crossSourceSignals @ http://localhost:3001/node_modules/.vite/deps/i18next.js?v=d584b076:207
[  279818ms] [LOG] i18next::translator: missingKey en-US translation panels.regionalIntelligence panels.regionalIntelligence @ http://localhost:3001/node_modules/.vite/deps/i18next.js?v=d584b076:207
[  279921ms] [ERROR] Failed to load resource: the server responded with a status of 404 (Not Found) @ http://localhost:3001/api/health/v1/list-disease-outbreaks:0
[  279922ms] [ERROR] Failed to load resource: the server responded with a status of 503 (Service Unavailable) @ http://localhost:3001/api/gpsjam:0
[  279925ms] [ERROR] [App] Telegram intel fetch failed: SyntaxError: Unexpected token 'i', "import { g"... is not valid JSON @ http://localhost:3001/src/app/data-loader.ts:2939
[  279925ms] [ERROR] [App] Telegram intel fetch failed: SyntaxError: Unexpected token 'i', "import { g"... is not valid JSON @ http://localhost:3001/src/app/data-loader.ts:2939
[  279935ms] [ERROR] [Polymarket] Failed: Error: No markets returned — upstream may be down @ http://localhost:3001/src/utils/circuit-breaker.ts:298
[  279936ms] [ERROR] [Military Flight Tracking] Failed: Error: No flights returned — upstream may be down @ http://localhost:3001/src/utils/circuit-breaker.ts:298
[  279937ms] [WARNING] [clerk] getClerkToken: no session (clerkInstance=false, user=false) @ http://localhost:3001/src/services/clerk.ts:127
[  279941ms] [ERROR] Failed to load resource: the server responded with a status of 404 (Not Found) @ http://localhost:3001/api/radiation/v1/list-radiation-observations?max_items=18:0
[  279950ms] [ERROR] Failed to load resource: the server responded with a status of 404 (Not Found) @ http://localhost:3001/api/thermal/v1/list-thermal-escalations?max_items=12:0
[  279977ms] [WARNING] Image "circle-11" could not be loaded. Please make sure you have added the image with map.addImage() or a "sprite" property in your style. You can provide missing images by listening for the "styleimagemissing" map event. @ http://localhost:3001/node_modules/.vite/deps/maplibre-gl.js?v=d584b076:312
[  279977ms] [ERROR] [Radiation Watch] Failed: ApiError: Request failed with status 404 @ http://localhost:3001/src/utils/circuit-breaker.ts:298
[  279978ms] [ERROR] [NWS Weather] Failed: SyntaxError: Unexpected token 'i', "import { g"... is not valid JSON @ http://localhost:3001/src/utils/circuit-breaker.ts:298
[  279988ms] [ERROR] Failed to load resource: the server responded with a status of 404 (Not Found) @ http://localhost:3001/api/sanctions/v1/list-sanctions-pressure?max_items=30:0
[  279992ms] [ERROR] [Thermal Escalation] Failed: ApiError: Request failed with status 404 @ http://localhost:3001/src/utils/circuit-breaker.ts:298
[  279992ms] [ERROR] Failed to load resource: the server responded with a status of 404 (Not Found) @ http://localhost:3001/api/forecast/v1/get-simulation-outcome:0
[  279993ms] [ERROR] Failed to load resource: the server responded with a status of 404 (Not Found) @ http://localhost:3001/api/forecast/v1/get-forecasts:0
[  280006ms] [LOG] [Intelligence] All signals loaded for CII calculation @ http://localhost:3001/src/app/data-loader.ts:1966
[  280014ms] [ERROR] [Sanctions Pressure] Failed: ApiError: Request failed with status 404 @ http://localhost:3001/src/utils/circuit-breaker.ts:298
[  280332ms] [LOG] i18next::translator: missingKey en-US translation common.remove common.remove @ http://localhost:3001/node_modules/.vite/deps/i18next.js?v=d584b076:207
[  282185ms] [LOG] i18next::translator: missingKey en-US translation webcams.expand webcams.expand @ http://localhost:3001/node_modules/.vite/deps/i18next.js?v=d584b076:207
[  282186ms] [LOG] i18next::translator: missingKey en-US translation common.remove common.remove @ http://localhost:3001/node_modules/.vite/deps/i18next.js?v=d584b076:207
[  282186ms] [LOG] i18next::translator: missingKey en-US translation webcams.expand webcams.expand @ http://localhost:3001/node_modules/.vite/deps/i18next.js?v=d584b076:207
[  282186ms] [LOG] i18next::translator: missingKey en-US translation common.remove common.remove @ http://localhost:3001/node_modules/.vite/deps/i18next.js?v=d584b076:207
[  282186ms] [LOG] i18next::translator: missingKey en-US translation webcams.expand webcams.expand @ http://localhost:3001/node_modules/.vite/deps/i18next.js?v=d584b076:207
[  282186ms] [LOG] i18next::translator: missingKey en-US translation common.remove common.remove @ http://localhost:3001/node_modules/.vite/deps/i18next.js?v=d584b076:207
[  282187ms] [LOG] i18next::translator: missingKey en-US translation webcams.expand webcams.expand @ http://localhost:3001/node_modules/.vite/deps/i18next.js?v=d584b076:207
[  282187ms] [LOG] i18next::translator: missingKey en-US translation common.remove common.remove @ http://localhost:3001/node_modules/.vite/deps/i18next.js?v=d584b076:207
[  282194ms] [LOG] i18next::translator: missingKey en-US translation common.remove common.remove @ http://localhost:3001/node_modules/.vite/deps/i18next.js?v=d584b076:207
[  282240ms] [LOG] i18next::translator: missingKey en-US translation common.remove common.remove @ http://localhost:3001/node_modules/.vite/deps/i18next.js?v=d584b076:207
[  284564ms] [LOG] i18next::translator: missingKey en-US translation common.remove common.remove @ http://localhost:3001/node_modules/.vite/deps/i18next.js?v=d584b076:207
[  284719ms] [LOG] i18next::translator: missingKey en-US translation common.remove common.remove @ http://localhost:3001/node_modules/.vite/deps/i18next.js?v=d584b076:207
[  284720ms] [LOG] i18next::translator: missingKey en-US translation common.remove common.remove @ http://localhost:3001/node_modules/.vite/deps/i18next.js?v=d584b076:207
